Component: ARM Compiler 5.06 update 1 (build 61) Tool: armlink [4d35a8]

==============================================================================

Section Cross References

    startup_stm32f205xx.o(RESET) refers to startup_stm32f205xx.o(STACK) for __initial_sp
    startup_stm32f205xx.o(RESET) refers to startup_stm32f205xx.o(.text) for Reset_Handler
    startup_stm32f205xx.o(RESET) refers to stm32f2xx_it.o(i.NMI_Handler) for NMI_Handler
    startup_stm32f205xx.o(RESET) refers to stm32f2xx_it.o(i.HardFault_Handler) for HardFault_Handler
    startup_stm32f205xx.o(RESET) refers to stm32f2xx_it.o(i.MemManage_Handler) for MemManage_Handler
    startup_stm32f205xx.o(RESET) refers to stm32f2xx_it.o(i.BusFault_Handler) for BusFault_Handler
    startup_stm32f205xx.o(RESET) refers to stm32f2xx_it.o(i.UsageFault_Handler) for UsageFault_Handler
    startup_stm32f205xx.o(RESET) refers to stm32f2xx_it.o(i.SVC_Handler) for SVC_Handler
    startup_stm32f205xx.o(RESET) refers to stm32f2xx_it.o(i.DebugMon_Handler) for DebugMon_Handler
    startup_stm32f205xx.o(RESET) refers to stm32f2xx_it.o(i.PendSV_Handler) for PendSV_Handler
    startup_stm32f205xx.o(RESET) refers to stm32f2xx_it.o(i.SysTick_Handler) for SysTick_Handler
    startup_stm32f205xx.o(RESET) refers to stm32f2xx_it.o(i.USART2_IRQHandler) for USART2_IRQHandler
    startup_stm32f205xx.o(.text) refers to system_stm32f2xx.o(i.SystemInit) for SystemInit
    startup_stm32f205xx.o(.text) refers to entry.o(.ARM.Collect$$$$00000000) for __main
    main.o(i.HAL_UART_RxCpltCallback) refers to stm32f2xx_hal_uart.o(i.HAL_UART_Transmit) for HAL_UART_Transmit
    main.o(i.HAL_UART_RxCpltCallback) refers to stm32f2xx_hal_uart.o(i.HAL_UART_Receive_IT) for HAL_UART_Receive_IT
    main.o(i.HAL_UART_RxCpltCallback) refers to main.o(.data) for .data
    main.o(i.HAL_UART_RxCpltCallback) refers to main.o(.bss) for .bss
    main.o(i.MX_GPIO_Init) refers to memseta.o(.text) for __aeabi_memclr4
    main.o(i.MX_GPIO_Init) refers to stm32f2xx_hal_gpio.o(i.HAL_GPIO_WritePin) for HAL_GPIO_WritePin
    main.o(i.MX_GPIO_Init) refers to stm32f2xx_hal_gpio.o(i.HAL_GPIO_Init) for HAL_GPIO_Init
    main.o(i.SystemClock_Config) refers to memseta.o(.text) for __aeabi_memclr4
    main.o(i.SystemClock_Config) refers to stm32f2xx_hal_rcc.o(i.HAL_RCC_OscConfig) for HAL_RCC_OscConfig
    main.o(i.SystemClock_Config) refers to stm32f2xx_hal_rcc.o(i.HAL_RCC_ClockConfig) for HAL_RCC_ClockConfig
    main.o(i.main) refers to stm32f2xx_hal.o(i.HAL_Init) for HAL_Init
    main.o(i.main) refers to main.o(i.SystemClock_Config) for SystemClock_Config
    main.o(i.main) refers to main.o(i.MX_GPIO_Init) for MX_GPIO_Init
    main.o(i.main) refers to stm32f2xx_hal_uart.o(i.HAL_UART_Init) for HAL_UART_Init
    main.o(i.main) refers to stm32f2xx_hal_uart.o(i.HAL_UART_Receive_IT) for HAL_UART_Receive_IT
    main.o(i.main) refers to stm32f2xx_hal_gpio.o(i.HAL_GPIO_WritePin) for HAL_GPIO_WritePin
    main.o(i.main) refers to main.o(.bss) for .bss
    main.o(i.main) refers to main.o(.data) for .data
    stm32f2xx_it.o(i.SysTick_Handler) refers to stm32f2xx_hal.o(i.HAL_IncTick) for HAL_IncTick
    stm32f2xx_it.o(i.USART2_IRQHandler) refers to stm32f2xx_hal_uart.o(i.HAL_UART_IRQHandler) for HAL_UART_IRQHandler
    stm32f2xx_it.o(i.USART2_IRQHandler) refers to main.o(.bss) for huart2
    stm32f2xx_hal_msp.o(i.HAL_UART_MspDeInit) refers to stm32f2xx_hal_gpio.o(i.HAL_GPIO_DeInit) for HAL_GPIO_DeInit
    stm32f2xx_hal_msp.o(i.HAL_UART_MspDeInit) refers to stm32f2xx_hal_cortex.o(i.HAL_NVIC_DisableIRQ) for HAL_NVIC_DisableIRQ
    stm32f2xx_hal_msp.o(i.HAL_UART_MspInit) refers to memseta.o(.text) for __aeabi_memclr4
    stm32f2xx_hal_msp.o(i.HAL_UART_MspInit) refers to stm32f2xx_hal_gpio.o(i.HAL_GPIO_Init) for HAL_GPIO_Init
    stm32f2xx_hal_msp.o(i.HAL_UART_MspInit) refers to stm32f2xx_hal_cortex.o(i.HAL_NVIC_SetPriority) for HAL_NVIC_SetPriority
    stm32f2xx_hal_msp.o(i.HAL_UART_MspInit) refers to stm32f2xx_hal_cortex.o(i.HAL_NVIC_EnableIRQ) for HAL_NVIC_EnableIRQ
    stm32f2xx_hal_uart.o(i.HAL_HalfDuplex_Init) refers to stm32f2xx_hal_msp.o(i.HAL_UART_MspInit) for HAL_UART_MspInit
    stm32f2xx_hal_uart.o(i.HAL_HalfDuplex_Init) refers to stm32f2xx_hal_uart.o(i.UART_SetConfig) for UART_SetConfig
    stm32f2xx_hal_uart.o(i.HAL_LIN_Init) refers to stm32f2xx_hal_msp.o(i.HAL_UART_MspInit) for HAL_UART_MspInit
    stm32f2xx_hal_uart.o(i.HAL_LIN_Init) refers to stm32f2xx_hal_uart.o(i.UART_SetConfig) for UART_SetConfig
    stm32f2xx_hal_uart.o(i.HAL_MultiProcessor_Init) refers to stm32f2xx_hal_msp.o(i.HAL_UART_MspInit) for HAL_UART_MspInit
    stm32f2xx_hal_uart.o(i.HAL_MultiProcessor_Init) refers to stm32f2xx_hal_uart.o(i.UART_SetConfig) for UART_SetConfig
    stm32f2xx_hal_uart.o(i.HAL_UARTEx_ReceiveToIdle) refers to stm32f2xx_hal.o(i.HAL_GetTick) for HAL_GetTick
    stm32f2xx_hal_uart.o(i.HAL_UARTEx_ReceiveToIdle_DMA) refers to stm32f2xx_hal_uart.o(i.UART_Start_Receive_DMA) for UART_Start_Receive_DMA
    stm32f2xx_hal_uart.o(i.HAL_UARTEx_ReceiveToIdle_IT) refers to stm32f2xx_hal_uart.o(i.UART_Start_Receive_IT) for UART_Start_Receive_IT
    stm32f2xx_hal_uart.o(i.HAL_UART_Abort) refers to stm32f2xx_hal_dma.o(i.HAL_DMA_Abort) for HAL_DMA_Abort
    stm32f2xx_hal_uart.o(i.HAL_UART_Abort) refers to stm32f2xx_hal_dma.o(i.HAL_DMA_GetError) for HAL_DMA_GetError
    stm32f2xx_hal_uart.o(i.HAL_UART_AbortReceive) refers to stm32f2xx_hal_dma.o(i.HAL_DMA_Abort) for HAL_DMA_Abort
    stm32f2xx_hal_uart.o(i.HAL_UART_AbortReceive) refers to stm32f2xx_hal_dma.o(i.HAL_DMA_GetError) for HAL_DMA_GetError
    stm32f2xx_hal_uart.o(i.HAL_UART_AbortReceive_IT) refers to stm32f2xx_hal_dma.o(i.HAL_DMA_Abort_IT) for HAL_DMA_Abort_IT
    stm32f2xx_hal_uart.o(i.HAL_UART_AbortReceive_IT) refers to stm32f2xx_hal_uart.o(i.HAL_UART_AbortReceiveCpltCallback) for HAL_UART_AbortReceiveCpltCallback
    stm32f2xx_hal_uart.o(i.HAL_UART_AbortReceive_IT) refers to stm32f2xx_hal_uart.o(i.UART_DMARxOnlyAbortCallback) for UART_DMARxOnlyAbortCallback
    stm32f2xx_hal_uart.o(i.HAL_UART_AbortTransmit) refers to stm32f2xx_hal_dma.o(i.HAL_DMA_Abort) for HAL_DMA_Abort
    stm32f2xx_hal_uart.o(i.HAL_UART_AbortTransmit) refers to stm32f2xx_hal_dma.o(i.HAL_DMA_GetError) for HAL_DMA_GetError
    stm32f2xx_hal_uart.o(i.HAL_UART_AbortTransmit_IT) refers to stm32f2xx_hal_dma.o(i.HAL_DMA_Abort_IT) for HAL_DMA_Abort_IT
    stm32f2xx_hal_uart.o(i.HAL_UART_AbortTransmit_IT) refers to stm32f2xx_hal_uart.o(i.HAL_UART_AbortTransmitCpltCallback) for HAL_UART_AbortTransmitCpltCallback
    stm32f2xx_hal_uart.o(i.HAL_UART_AbortTransmit_IT) refers to stm32f2xx_hal_uart.o(i.UART_DMATxOnlyAbortCallback) for UART_DMATxOnlyAbortCallback
    stm32f2xx_hal_uart.o(i.HAL_UART_Abort_IT) refers to stm32f2xx_hal_dma.o(i.HAL_DMA_Abort_IT) for HAL_DMA_Abort_IT
    stm32f2xx_hal_uart.o(i.HAL_UART_Abort_IT) refers to stm32f2xx_hal_uart.o(i.HAL_UART_AbortCpltCallback) for HAL_UART_AbortCpltCallback
    stm32f2xx_hal_uart.o(i.HAL_UART_Abort_IT) refers to stm32f2xx_hal_uart.o(i.UART_DMATxAbortCallback) for UART_DMATxAbortCallback
    stm32f2xx_hal_uart.o(i.HAL_UART_Abort_IT) refers to stm32f2xx_hal_uart.o(i.UART_DMARxAbortCallback) for UART_DMARxAbortCallback
    stm32f2xx_hal_uart.o(i.HAL_UART_DMAStop) refers to stm32f2xx_hal_dma.o(i.HAL_DMA_Abort) for HAL_DMA_Abort
    stm32f2xx_hal_uart.o(i.HAL_UART_DMAStop) refers to stm32f2xx_hal_uart.o(i.UART_EndTxTransfer) for UART_EndTxTransfer
    stm32f2xx_hal_uart.o(i.HAL_UART_DMAStop) refers to stm32f2xx_hal_uart.o(i.UART_EndRxTransfer) for UART_EndRxTransfer
    stm32f2xx_hal_uart.o(i.HAL_UART_DeInit) refers to stm32f2xx_hal_msp.o(i.HAL_UART_MspDeInit) for HAL_UART_MspDeInit
    stm32f2xx_hal_uart.o(i.HAL_UART_IRQHandler) refers to stm32f2xx_hal_uart.o(i.UART_Receive_IT) for UART_Receive_IT
    stm32f2xx_hal_uart.o(i.HAL_UART_IRQHandler) refers to stm32f2xx_hal_uart.o(i.UART_EndRxTransfer) for UART_EndRxTransfer
    stm32f2xx_hal_uart.o(i.HAL_UART_IRQHandler) refers to stm32f2xx_hal_dma.o(i.HAL_DMA_Abort_IT) for HAL_DMA_Abort_IT
    stm32f2xx_hal_uart.o(i.HAL_UART_IRQHandler) refers to stm32f2xx_hal_uart.o(i.HAL_UART_ErrorCallback) for HAL_UART_ErrorCallback
    stm32f2xx_hal_uart.o(i.HAL_UART_IRQHandler) refers to stm32f2xx_hal_dma.o(i.HAL_DMA_Abort) for HAL_DMA_Abort
    stm32f2xx_hal_uart.o(i.HAL_UART_IRQHandler) refers to stm32f2xx_hal_uart.o(i.HAL_UARTEx_RxEventCallback) for HAL_UARTEx_RxEventCallback
    stm32f2xx_hal_uart.o(i.HAL_UART_IRQHandler) refers to stm32f2xx_hal_uart.o(i.HAL_UART_TxCpltCallback) for HAL_UART_TxCpltCallback
    stm32f2xx_hal_uart.o(i.HAL_UART_IRQHandler) refers to stm32f2xx_hal_uart.o(i.UART_DMAAbortOnError) for UART_DMAAbortOnError
    stm32f2xx_hal_uart.o(i.HAL_UART_Init) refers to stm32f2xx_hal_msp.o(i.HAL_UART_MspInit) for HAL_UART_MspInit
    stm32f2xx_hal_uart.o(i.HAL_UART_Init) refers to stm32f2xx_hal_uart.o(i.UART_SetConfig) for UART_SetConfig
    stm32f2xx_hal_uart.o(i.HAL_UART_Receive) refers to stm32f2xx_hal.o(i.HAL_GetTick) for HAL_GetTick
    stm32f2xx_hal_uart.o(i.HAL_UART_Receive) refers to stm32f2xx_hal_uart.o(i.UART_WaitOnFlagUntilTimeout) for UART_WaitOnFlagUntilTimeout
    stm32f2xx_hal_uart.o(i.HAL_UART_Receive_DMA) refers to stm32f2xx_hal_uart.o(i.UART_Start_Receive_DMA) for UART_Start_Receive_DMA
    stm32f2xx_hal_uart.o(i.HAL_UART_Receive_IT) refers to stm32f2xx_hal_uart.o(i.UART_Start_Receive_IT) for UART_Start_Receive_IT
    stm32f2xx_hal_uart.o(i.HAL_UART_Transmit) refers to stm32f2xx_hal.o(i.HAL_GetTick) for HAL_GetTick
    stm32f2xx_hal_uart.o(i.HAL_UART_Transmit) refers to stm32f2xx_hal_uart.o(i.UART_WaitOnFlagUntilTimeout) for UART_WaitOnFlagUntilTimeout
    stm32f2xx_hal_uart.o(i.HAL_UART_Transmit_DMA) refers to stm32f2xx_hal_dma.o(i.HAL_DMA_Start_IT) for HAL_DMA_Start_IT
    stm32f2xx_hal_uart.o(i.HAL_UART_Transmit_DMA) refers to stm32f2xx_hal_uart.o(i.UART_DMATransmitCplt) for UART_DMATransmitCplt
    stm32f2xx_hal_uart.o(i.HAL_UART_Transmit_DMA) refers to stm32f2xx_hal_uart.o(i.UART_DMATxHalfCplt) for UART_DMATxHalfCplt
    stm32f2xx_hal_uart.o(i.HAL_UART_Transmit_DMA) refers to stm32f2xx_hal_uart.o(i.UART_DMAError) for UART_DMAError
    stm32f2xx_hal_uart.o(i.UART_DMAAbortOnError) refers to stm32f2xx_hal_uart.o(i.HAL_UART_ErrorCallback) for HAL_UART_ErrorCallback
    stm32f2xx_hal_uart.o(i.UART_DMAError) refers to stm32f2xx_hal_uart.o(i.UART_EndTxTransfer) for UART_EndTxTransfer
    stm32f2xx_hal_uart.o(i.UART_DMAError) refers to stm32f2xx_hal_uart.o(i.UART_EndRxTransfer) for UART_EndRxTransfer
    stm32f2xx_hal_uart.o(i.UART_DMAError) refers to stm32f2xx_hal_uart.o(i.HAL_UART_ErrorCallback) for HAL_UART_ErrorCallback
    stm32f2xx_hal_uart.o(i.UART_DMAReceiveCplt) refers to main.o(i.HAL_UART_RxCpltCallback) for HAL_UART_RxCpltCallback
    stm32f2xx_hal_uart.o(i.UART_DMAReceiveCplt) refers to stm32f2xx_hal_uart.o(i.HAL_UARTEx_RxEventCallback) for HAL_UARTEx_RxEventCallback
    stm32f2xx_hal_uart.o(i.UART_DMARxAbortCallback) refers to stm32f2xx_hal_uart.o(i.HAL_UART_AbortCpltCallback) for HAL_UART_AbortCpltCallback
    stm32f2xx_hal_uart.o(i.UART_DMARxHalfCplt) refers to stm32f2xx_hal_uart.o(i.HAL_UART_RxHalfCpltCallback) for HAL_UART_RxHalfCpltCallback
    stm32f2xx_hal_uart.o(i.UART_DMARxHalfCplt) refers to stm32f2xx_hal_uart.o(i.HAL_UARTEx_RxEventCallback) for HAL_UARTEx_RxEventCallback
    stm32f2xx_hal_uart.o(i.UART_DMARxOnlyAbortCallback) refers to stm32f2xx_hal_uart.o(i.HAL_UART_AbortReceiveCpltCallback) for HAL_UART_AbortReceiveCpltCallback
    stm32f2xx_hal_uart.o(i.UART_DMATransmitCplt) refers to stm32f2xx_hal_uart.o(i.HAL_UART_TxCpltCallback) for HAL_UART_TxCpltCallback
    stm32f2xx_hal_uart.o(i.UART_DMATxAbortCallback) refers to stm32f2xx_hal_uart.o(i.HAL_UART_AbortCpltCallback) for HAL_UART_AbortCpltCallback
    stm32f2xx_hal_uart.o(i.UART_DMATxHalfCplt) refers to stm32f2xx_hal_uart.o(i.HAL_UART_TxHalfCpltCallback) for HAL_UART_TxHalfCpltCallback
    stm32f2xx_hal_uart.o(i.UART_DMATxOnlyAbortCallback) refers to stm32f2xx_hal_uart.o(i.HAL_UART_AbortTransmitCpltCallback) for HAL_UART_AbortTransmitCpltCallback
    stm32f2xx_hal_uart.o(i.UART_Receive_IT) refers to main.o(i.HAL_UART_RxCpltCallback) for HAL_UART_RxCpltCallback
    stm32f2xx_hal_uart.o(i.UART_Receive_IT) refers to stm32f2xx_hal_uart.o(i.HAL_UARTEx_RxEventCallback) for HAL_UARTEx_RxEventCallback
    stm32f2xx_hal_uart.o(i.UART_SetConfig) refers to stm32f2xx_hal_rcc.o(i.HAL_RCC_GetPCLK2Freq) for HAL_RCC_GetPCLK2Freq
    stm32f2xx_hal_uart.o(i.UART_SetConfig) refers to stm32f2xx_hal_rcc.o(i.HAL_RCC_GetPCLK1Freq) for HAL_RCC_GetPCLK1Freq
    stm32f2xx_hal_uart.o(i.UART_Start_Receive_DMA) refers to stm32f2xx_hal_dma.o(i.HAL_DMA_Start_IT) for HAL_DMA_Start_IT
    stm32f2xx_hal_uart.o(i.UART_Start_Receive_DMA) refers to stm32f2xx_hal_uart.o(i.UART_DMAReceiveCplt) for UART_DMAReceiveCplt
    stm32f2xx_hal_uart.o(i.UART_Start_Receive_DMA) refers to stm32f2xx_hal_uart.o(i.UART_DMARxHalfCplt) for UART_DMARxHalfCplt
    stm32f2xx_hal_uart.o(i.UART_Start_Receive_DMA) refers to stm32f2xx_hal_uart.o(i.UART_DMAError) for UART_DMAError
    stm32f2xx_hal_uart.o(i.UART_WaitOnFlagUntilTimeout) refers to stm32f2xx_hal.o(i.HAL_GetTick) for HAL_GetTick
    stm32f2xx_hal.o(i.HAL_DeInit) refers to stm32f2xx_hal.o(i.HAL_MspDeInit) for HAL_MspDeInit
    stm32f2xx_hal.o(i.HAL_Delay) refers to stm32f2xx_hal.o(i.HAL_GetTick) for HAL_GetTick
    stm32f2xx_hal.o(i.HAL_Delay) refers to stm32f2xx_hal.o(.data) for .data
    stm32f2xx_hal.o(i.HAL_GetTick) refers to stm32f2xx_hal.o(.data) for .data
    stm32f2xx_hal.o(i.HAL_GetTickFreq) refers to stm32f2xx_hal.o(.data) for .data
    stm32f2xx_hal.o(i.HAL_GetTickPrio) refers to stm32f2xx_hal.o(.data) for .data
    stm32f2xx_hal.o(i.HAL_IncTick) refers to stm32f2xx_hal.o(.data) for .data
    stm32f2xx_hal.o(i.HAL_Init) refers to stm32f2xx_hal_cortex.o(i.HAL_NVIC_SetPriorityGrouping) for HAL_NVIC_SetPriorityGrouping
    stm32f2xx_hal.o(i.HAL_Init) refers to stm32f2xx_hal.o(i.HAL_InitTick) for HAL_InitTick
    stm32f2xx_hal.o(i.HAL_Init) refers to stm32f2xx_hal_msp.o(i.HAL_MspInit) for HAL_MspInit
    stm32f2xx_hal.o(i.HAL_InitTick) refers to stm32f2xx_hal_cortex.o(i.HAL_SYSTICK_Config) for HAL_SYSTICK_Config
    stm32f2xx_hal.o(i.HAL_InitTick) refers to stm32f2xx_hal_cortex.o(i.HAL_NVIC_SetPriority) for HAL_NVIC_SetPriority
    stm32f2xx_hal.o(i.HAL_InitTick) refers to stm32f2xx_hal.o(.data) for .data
    stm32f2xx_hal.o(i.HAL_InitTick) refers to system_stm32f2xx.o(.data) for SystemCoreClock
    stm32f2xx_hal.o(i.HAL_SetTickFreq) refers to stm32f2xx_hal.o(i.HAL_InitTick) for HAL_InitTick
    stm32f2xx_hal.o(i.HAL_SetTickFreq) refers to stm32f2xx_hal.o(.data) for .data
    stm32f2xx_hal_rcc.o(i.HAL_RCC_ClockConfig) refers to stm32f2xx_hal.o(i.HAL_GetTick) for HAL_GetTick
    stm32f2xx_hal_rcc.o(i.HAL_RCC_ClockConfig) refers to stm32f2xx_hal_rcc.o(i.HAL_RCC_GetSysClockFreq) for HAL_RCC_GetSysClockFreq
    stm32f2xx_hal_rcc.o(i.HAL_RCC_ClockConfig) refers to stm32f2xx_hal.o(i.HAL_InitTick) for HAL_InitTick
    stm32f2xx_hal_rcc.o(i.HAL_RCC_ClockConfig) refers to system_stm32f2xx.o(.constdata) for AHBPrescTable
    stm32f2xx_hal_rcc.o(i.HAL_RCC_ClockConfig) refers to system_stm32f2xx.o(.data) for SystemCoreClock
    stm32f2xx_hal_rcc.o(i.HAL_RCC_ClockConfig) refers to stm32f2xx_hal.o(.data) for uwTickPrio
    stm32f2xx_hal_rcc.o(i.HAL_RCC_DeInit) refers to stm32f2xx_hal.o(i.HAL_GetTick) for HAL_GetTick
    stm32f2xx_hal_rcc.o(i.HAL_RCC_DeInit) refers to stm32f2xx_hal.o(i.HAL_InitTick) for HAL_InitTick
    stm32f2xx_hal_rcc.o(i.HAL_RCC_DeInit) refers to system_stm32f2xx.o(.data) for SystemCoreClock
    stm32f2xx_hal_rcc.o(i.HAL_RCC_DeInit) refers to stm32f2xx_hal.o(.data) for uwTickPrio
    stm32f2xx_hal_rcc.o(i.HAL_RCC_GetHCLKFreq) refers to system_stm32f2xx.o(.data) for SystemCoreClock
    stm32f2xx_hal_rcc.o(i.HAL_RCC_GetPCLK1Freq) refers to system_stm32f2xx.o(.data) for SystemCoreClock
    stm32f2xx_hal_rcc.o(i.HAL_RCC_GetPCLK1Freq) refers to system_stm32f2xx.o(.constdata) for APBPrescTable
    stm32f2xx_hal_rcc.o(i.HAL_RCC_GetPCLK2Freq) refers to system_stm32f2xx.o(.data) for SystemCoreClock
    stm32f2xx_hal_rcc.o(i.HAL_RCC_GetPCLK2Freq) refers to system_stm32f2xx.o(.constdata) for APBPrescTable
    stm32f2xx_hal_rcc.o(i.HAL_RCC_GetSysClockFreq) refers to uldiv.o(.text) for __aeabi_uldivmod
    stm32f2xx_hal_rcc.o(i.HAL_RCC_MCOConfig) refers to stm32f2xx_hal_gpio.o(i.HAL_GPIO_Init) for HAL_GPIO_Init
    stm32f2xx_hal_rcc.o(i.HAL_RCC_NMI_IRQHandler) refers to stm32f2xx_hal_rcc.o(i.HAL_RCC_CSSCallback) for HAL_RCC_CSSCallback
    stm32f2xx_hal_rcc.o(i.HAL_RCC_OscConfig) refers to stm32f2xx_hal.o(i.HAL_GetTick) for HAL_GetTick
    stm32f2xx_hal_rcc_ex.o(i.HAL_RCCEx_DisablePLLI2S) refers to stm32f2xx_hal.o(i.HAL_GetTick) for HAL_GetTick
    stm32f2xx_hal_rcc_ex.o(i.HAL_RCCEx_EnablePLLI2S) refers to stm32f2xx_hal.o(i.HAL_GetTick) for HAL_GetTick
    stm32f2xx_hal_rcc_ex.o(i.HAL_RCCEx_PeriphCLKConfig) refers to stm32f2xx_hal.o(i.HAL_GetTick) for HAL_GetTick
    stm32f2xx_hal_cortex.o(i.HAL_NVIC_SetPriority) refers to stm32f2xx_hal_cortex.o(i.__NVIC_SetPriority) for __NVIC_SetPriority
    stm32f2xx_hal_cortex.o(i.HAL_SYSTICK_Config) refers to stm32f2xx_hal_cortex.o(i.__NVIC_SetPriority) for __NVIC_SetPriority
    stm32f2xx_hal_cortex.o(i.HAL_SYSTICK_IRQHandler) refers to stm32f2xx_hal_cortex.o(i.HAL_SYSTICK_Callback) for HAL_SYSTICK_Callback
    stm32f2xx_hal_flash.o(i.FLASH_SetErrorCode) refers to stm32f2xx_hal_flash.o(.bss) for .bss
    stm32f2xx_hal_flash.o(i.FLASH_WaitForLastOperation) refers to stm32f2xx_hal.o(i.HAL_GetTick) for HAL_GetTick
    stm32f2xx_hal_flash.o(i.FLASH_WaitForLastOperation) refers to stm32f2xx_hal_flash.o(i.FLASH_SetErrorCode) for FLASH_SetErrorCode
    stm32f2xx_hal_flash.o(i.FLASH_WaitForLastOperation) refers to stm32f2xx_hal_flash.o(.bss) for .bss
    stm32f2xx_hal_flash.o(i.HAL_FLASH_GetError) refers to stm32f2xx_hal_flash.o(.bss) for .bss
    stm32f2xx_hal_flash.o(i.HAL_FLASH_IRQHandler) refers to stm32f2xx_hal_flash.o(i.FLASH_SetErrorCode) for FLASH_SetErrorCode
    stm32f2xx_hal_flash.o(i.HAL_FLASH_IRQHandler) refers to stm32f2xx_hal_flash.o(i.HAL_FLASH_OperationErrorCallback) for HAL_FLASH_OperationErrorCallback
    stm32f2xx_hal_flash.o(i.HAL_FLASH_IRQHandler) refers to stm32f2xx_hal_flash.o(i.HAL_FLASH_EndOfOperationCallback) for HAL_FLASH_EndOfOperationCallback
    stm32f2xx_hal_flash.o(i.HAL_FLASH_IRQHandler) refers to stm32f2xx_hal_flash_ex.o(i.FLASH_Erase_Sector) for FLASH_Erase_Sector
    stm32f2xx_hal_flash.o(i.HAL_FLASH_IRQHandler) refers to stm32f2xx_hal_flash_ex.o(i.FLASH_FlushCaches) for FLASH_FlushCaches
    stm32f2xx_hal_flash.o(i.HAL_FLASH_IRQHandler) refers to stm32f2xx_hal_flash.o(.bss) for .bss
    stm32f2xx_hal_flash.o(i.HAL_FLASH_OB_Launch) refers to stm32f2xx_hal_flash.o(i.FLASH_WaitForLastOperation) for FLASH_WaitForLastOperation
    stm32f2xx_hal_flash.o(i.HAL_FLASH_Program) refers to stm32f2xx_hal_flash.o(i.FLASH_WaitForLastOperation) for FLASH_WaitForLastOperation
    stm32f2xx_hal_flash.o(i.HAL_FLASH_Program) refers to stm32f2xx_hal_flash.o(i.FLASH_Program_DoubleWord) for FLASH_Program_DoubleWord
    stm32f2xx_hal_flash.o(i.HAL_FLASH_Program) refers to stm32f2xx_hal_flash.o(i.FLASH_Program_Byte) for FLASH_Program_Byte
    stm32f2xx_hal_flash.o(i.HAL_FLASH_Program) refers to stm32f2xx_hal_flash.o(i.FLASH_Program_HalfWord) for FLASH_Program_HalfWord
    stm32f2xx_hal_flash.o(i.HAL_FLASH_Program) refers to stm32f2xx_hal_flash.o(i.FLASH_Program_Word) for FLASH_Program_Word
    stm32f2xx_hal_flash.o(i.HAL_FLASH_Program) refers to stm32f2xx_hal_flash.o(.bss) for .bss
    stm32f2xx_hal_flash.o(i.HAL_FLASH_Program_IT) refers to stm32f2xx_hal_flash.o(i.FLASH_Program_DoubleWord) for FLASH_Program_DoubleWord
    stm32f2xx_hal_flash.o(i.HAL_FLASH_Program_IT) refers to stm32f2xx_hal_flash.o(i.FLASH_Program_Byte) for FLASH_Program_Byte
    stm32f2xx_hal_flash.o(i.HAL_FLASH_Program_IT) refers to stm32f2xx_hal_flash.o(i.FLASH_Program_HalfWord) for FLASH_Program_HalfWord
    stm32f2xx_hal_flash.o(i.HAL_FLASH_Program_IT) refers to stm32f2xx_hal_flash.o(i.FLASH_Program_Word) for FLASH_Program_Word
    stm32f2xx_hal_flash.o(i.HAL_FLASH_Program_IT) refers to stm32f2xx_hal_flash.o(.bss) for .bss
    stm32f2xx_hal_flash_ex.o(i.HAL_FLASHEx_Erase) refers to stm32f2xx_hal_flash.o(i.FLASH_WaitForLastOperation) for FLASH_WaitForLastOperation
    stm32f2xx_hal_flash_ex.o(i.HAL_FLASHEx_Erase) refers to stm32f2xx_hal_flash_ex.o(i.FLASH_MassErase) for FLASH_MassErase
    stm32f2xx_hal_flash_ex.o(i.HAL_FLASHEx_Erase) refers to stm32f2xx_hal_flash_ex.o(i.FLASH_Erase_Sector) for FLASH_Erase_Sector
    stm32f2xx_hal_flash_ex.o(i.HAL_FLASHEx_Erase) refers to stm32f2xx_hal_flash_ex.o(i.FLASH_FlushCaches) for FLASH_FlushCaches
    stm32f2xx_hal_flash_ex.o(i.HAL_FLASHEx_Erase) refers to stm32f2xx_hal_flash.o(.bss) for pFlash
    stm32f2xx_hal_flash_ex.o(i.HAL_FLASHEx_Erase_IT) refers to stm32f2xx_hal_flash_ex.o(i.FLASH_Erase_Sector) for FLASH_Erase_Sector
    stm32f2xx_hal_flash_ex.o(i.HAL_FLASHEx_Erase_IT) refers to stm32f2xx_hal_flash_ex.o(i.FLASH_MassErase) for FLASH_MassErase
    stm32f2xx_hal_flash_ex.o(i.HAL_FLASHEx_Erase_IT) refers to stm32f2xx_hal_flash.o(.bss) for pFlash
    stm32f2xx_hal_flash_ex.o(i.HAL_FLASHEx_OBProgram) refers to stm32f2xx_hal_flash.o(i.FLASH_WaitForLastOperation) for FLASH_WaitForLastOperation
    stm32f2xx_hal_flash_ex.o(i.HAL_FLASHEx_OBProgram) refers to stm32f2xx_hal_flash.o(.bss) for pFlash
    stm32f2xx_hal_pwr.o(i.HAL_PWR_PVD_IRQHandler) refers to stm32f2xx_hal_pwr.o(i.HAL_PWR_PVDCallback) for HAL_PWR_PVDCallback
    stm32f2xx_hal_pwr_ex.o(i.HAL_PWREx_DisableBkUpReg) refers to stm32f2xx_hal.o(i.HAL_GetTick) for HAL_GetTick
    stm32f2xx_hal_pwr_ex.o(i.HAL_PWREx_EnableBkUpReg) refers to stm32f2xx_hal.o(i.HAL_GetTick) for HAL_GetTick
    stm32f2xx_hal_gpio.o(i.HAL_GPIO_EXTI_IRQHandler) refers to stm32f2xx_hal_gpio.o(i.HAL_GPIO_EXTI_Callback) for HAL_GPIO_EXTI_Callback
    stm32f2xx_hal_dma.o(i.DMA_CalcBaseAndBitshift) refers to stm32f2xx_hal_dma.o(.constdata) for .constdata
    stm32f2xx_hal_dma.o(i.HAL_DMA_Abort) refers to stm32f2xx_hal.o(i.HAL_GetTick) for HAL_GetTick
    stm32f2xx_hal_dma.o(i.HAL_DMA_DeInit) refers to stm32f2xx_hal_dma.o(i.DMA_CalcBaseAndBitshift) for DMA_CalcBaseAndBitshift
    stm32f2xx_hal_dma.o(i.HAL_DMA_IRQHandler) refers to system_stm32f2xx.o(.data) for SystemCoreClock
    stm32f2xx_hal_dma.o(i.HAL_DMA_Init) refers to stm32f2xx_hal.o(i.HAL_GetTick) for HAL_GetTick
    stm32f2xx_hal_dma.o(i.HAL_DMA_Init) refers to stm32f2xx_hal_dma.o(i.DMA_CheckFifoParam) for DMA_CheckFifoParam
    stm32f2xx_hal_dma.o(i.HAL_DMA_Init) refers to stm32f2xx_hal_dma.o(i.DMA_CalcBaseAndBitshift) for DMA_CalcBaseAndBitshift
    stm32f2xx_hal_dma.o(i.HAL_DMA_PollForTransfer) refers to stm32f2xx_hal.o(i.HAL_GetTick) for HAL_GetTick
    stm32f2xx_hal_dma.o(i.HAL_DMA_PollForTransfer) refers to stm32f2xx_hal_dma.o(i.HAL_DMA_Abort) for HAL_DMA_Abort
    stm32f2xx_hal_dma.o(i.HAL_DMA_Start) refers to stm32f2xx_hal_dma.o(i.DMA_SetConfig) for DMA_SetConfig
    stm32f2xx_hal_dma.o(i.HAL_DMA_Start_IT) refers to stm32f2xx_hal_dma.o(i.DMA_SetConfig) for DMA_SetConfig
    stm32f2xx_hal_dma_ex.o(i.HAL_DMAEx_MultiBufferStart) refers to stm32f2xx_hal_dma_ex.o(i.DMA_MultiBufferSetConfig) for DMA_MultiBufferSetConfig
    stm32f2xx_hal_dma_ex.o(i.HAL_DMAEx_MultiBufferStart_IT) refers to stm32f2xx_hal_dma_ex.o(i.DMA_MultiBufferSetConfig) for DMA_MultiBufferSetConfig
    system_stm32f2xx.o(i.SystemCoreClockUpdate) refers to system_stm32f2xx.o(.data) for .data
    system_stm32f2xx.o(i.SystemCoreClockUpdate) refers to system_stm32f2xx.o(.constdata) for .constdata
    entry.o(.ARM.Collect$$$$00000000) refers (Special) to entry10a.o(.ARM.Collect$$$$0000000D) for __rt_final_cpp
    entry.o(.ARM.Collect$$$$00000000) refers (Special) to entry11a.o(.ARM.Collect$$$$0000000F) for __rt_final_exit
    entry.o(.ARM.Collect$$$$00000000) refers (Special) to entry7b.o(.ARM.Collect$$$$00000008) for _main_clock
    entry.o(.ARM.Collect$$$$00000000) refers (Special) to entry8b.o(.ARM.Collect$$$$0000000A) for _main_cpp_init
    entry.o(.ARM.Collect$$$$00000000) refers (Special) to entry9a.o(.ARM.Collect$$$$0000000B) for _main_init
    entry.o(.ARM.Collect$$$$00000000) refers (Special) to entry5.o(.ARM.Collect$$$$00000004) for _main_scatterload
    entry.o(.ARM.Collect$$$$00000000) refers (Special) to entry2.o(.ARM.Collect$$$$00000001) for _main_stk
    uldiv.o(.text) refers to llushr.o(.text) for __aeabi_llsr
    uldiv.o(.text) refers to llshl.o(.text) for __aeabi_llsl
    entry2.o(.ARM.Collect$$$$00000001) refers to entry2.o(.ARM.Collect$$$$00002712) for __lit__00000000
    entry2.o(.ARM.Collect$$$$00002712) refers to startup_stm32f205xx.o(STACK) for __initial_sp
    entry2.o(__vectab_stack_and_reset_area) refers to startup_stm32f205xx.o(STACK) for __initial_sp
    entry2.o(__vectab_stack_and_reset_area) refers to entry.o(.ARM.Collect$$$$00000000) for __main
    entry5.o(.ARM.Collect$$$$00000004) refers to init.o(.text) for __scatterload
    entry9a.o(.ARM.Collect$$$$0000000B) refers to main.o(i.main) for main
    entry9b.o(.ARM.Collect$$$$0000000C) refers to main.o(i.main) for main
    init.o(.text) refers to entry5.o(.ARM.Collect$$$$00000004) for __main_after_scatterload


==============================================================================

Removing Unused input sections from the image.

    Removing startup_stm32f205xx.o(HEAP), (512 bytes).
    Removing main.o(.rev16_text), (4 bytes).
    Removing main.o(.revsh_text), (4 bytes).
    Removing main.o(.rrx_text), (6 bytes).
    Removing main.o(i.Error_Handler), (2 bytes).
    Removing main.o(.data), (1 bytes).
    Removing stm32f2xx_it.o(.rev16_text), (4 bytes).
    Removing stm32f2xx_it.o(.revsh_text), (4 bytes).
    Removing stm32f2xx_it.o(.rrx_text), (6 bytes).
    Removing stm32f2xx_hal_msp.o(.rev16_text), (4 bytes).
    Removing stm32f2xx_hal_msp.o(.revsh_text), (4 bytes).
    Removing stm32f2xx_hal_msp.o(.rrx_text), (6 bytes).
    Removing stm32f2xx_hal_msp.o(i.HAL_UART_MspDeInit), (52 bytes).
    Removing stm32f2xx_hal_tim.o(.rev16_text), (4 bytes).
    Removing stm32f2xx_hal_tim.o(.revsh_text), (4 bytes).
    Removing stm32f2xx_hal_tim.o(.rrx_text), (6 bytes).
    Removing stm32f2xx_hal_tim_ex.o(.rev16_text), (4 bytes).
    Removing stm32f2xx_hal_tim_ex.o(.revsh_text), (4 bytes).
    Removing stm32f2xx_hal_tim_ex.o(.rrx_text), (6 bytes).
    Removing stm32f2xx_hal_uart.o(.rev16_text), (4 bytes).
    Removing stm32f2xx_hal_uart.o(.revsh_text), (4 bytes).
    Removing stm32f2xx_hal_uart.o(.rrx_text), (6 bytes).
    Removing stm32f2xx_hal_uart.o(i.HAL_HalfDuplex_EnableReceiver), (50 bytes).
    Removing stm32f2xx_hal_uart.o(i.HAL_HalfDuplex_EnableTransmitter), (50 bytes).
    Removing stm32f2xx_hal_uart.o(i.HAL_HalfDuplex_Init), (108 bytes).
    Removing stm32f2xx_hal_uart.o(i.HAL_LIN_Init), (128 bytes).
    Removing stm32f2xx_hal_uart.o(i.HAL_LIN_SendBreak), (46 bytes).
    Removing stm32f2xx_hal_uart.o(i.HAL_MultiProcessor_EnterMuteMode), (46 bytes).
    Removing stm32f2xx_hal_uart.o(i.HAL_MultiProcessor_ExitMuteMode), (46 bytes).
    Removing stm32f2xx_hal_uart.o(i.HAL_MultiProcessor_Init), (142 bytes).
    Removing stm32f2xx_hal_uart.o(i.HAL_UARTEx_ReceiveToIdle), (254 bytes).
    Removing stm32f2xx_hal_uart.o(i.HAL_UARTEx_ReceiveToIdle_DMA), (74 bytes).
    Removing stm32f2xx_hal_uart.o(i.HAL_UARTEx_ReceiveToIdle_IT), (74 bytes).
    Removing stm32f2xx_hal_uart.o(i.HAL_UART_Abort), (156 bytes).
    Removing stm32f2xx_hal_uart.o(i.HAL_UART_AbortCpltCallback), (2 bytes).
    Removing stm32f2xx_hal_uart.o(i.HAL_UART_AbortReceive), (106 bytes).
    Removing stm32f2xx_hal_uart.o(i.HAL_UART_AbortReceiveCpltCallback), (2 bytes).
    Removing stm32f2xx_hal_uart.o(i.HAL_UART_AbortReceive_IT), (112 bytes).
    Removing stm32f2xx_hal_uart.o(i.HAL_UART_AbortTransmit), (78 bytes).
    Removing stm32f2xx_hal_uart.o(i.HAL_UART_AbortTransmitCpltCallback), (2 bytes).
    Removing stm32f2xx_hal_uart.o(i.HAL_UART_AbortTransmit_IT), (84 bytes).
    Removing stm32f2xx_hal_uart.o(i.HAL_UART_Abort_IT), (188 bytes).
    Removing stm32f2xx_hal_uart.o(i.HAL_UART_DMAPause), (102 bytes).
    Removing stm32f2xx_hal_uart.o(i.HAL_UART_DMAResume), (94 bytes).
    Removing stm32f2xx_hal_uart.o(i.HAL_UART_DMAStop), (88 bytes).
    Removing stm32f2xx_hal_uart.o(i.HAL_UART_DeInit), (52 bytes).
    Removing stm32f2xx_hal_uart.o(i.HAL_UART_GetError), (4 bytes).
    Removing stm32f2xx_hal_uart.o(i.HAL_UART_GetState), (10 bytes).
    Removing stm32f2xx_hal_uart.o(i.HAL_UART_MspDeInit), (2 bytes).
    Removing stm32f2xx_hal_uart.o(i.HAL_UART_MspInit), (2 bytes).
    Removing stm32f2xx_hal_uart.o(i.HAL_UART_Receive), (192 bytes).
    Removing stm32f2xx_hal_uart.o(i.HAL_UART_Receive_DMA), (42 bytes).
    Removing stm32f2xx_hal_uart.o(i.HAL_UART_RxCpltCallback), (2 bytes).
    Removing stm32f2xx_hal_uart.o(i.HAL_UART_RxHalfCpltCallback), (2 bytes).
    Removing stm32f2xx_hal_uart.o(i.HAL_UART_Transmit_DMA), (128 bytes).
    Removing stm32f2xx_hal_uart.o(i.HAL_UART_Transmit_IT), (62 bytes).
    Removing stm32f2xx_hal_uart.o(i.HAL_UART_TxHalfCpltCallback), (2 bytes).
    Removing stm32f2xx_hal_uart.o(i.UART_DMAError), (74 bytes).
    Removing stm32f2xx_hal_uart.o(i.UART_DMAReceiveCplt), (90 bytes).
    Removing stm32f2xx_hal_uart.o(i.UART_DMARxAbortCallback), (44 bytes).
    Removing stm32f2xx_hal_uart.o(i.UART_DMARxHalfCplt), (26 bytes).
    Removing stm32f2xx_hal_uart.o(i.UART_DMARxOnlyAbortCallback), (22 bytes).
    Removing stm32f2xx_hal_uart.o(i.UART_DMATransmitCplt), (46 bytes).
    Removing stm32f2xx_hal_uart.o(i.UART_DMATxAbortCallback), (44 bytes).
    Removing stm32f2xx_hal_uart.o(i.UART_DMATxHalfCplt), (10 bytes).
    Removing stm32f2xx_hal_uart.o(i.UART_DMATxOnlyAbortCallback), (20 bytes).
    Removing stm32f2xx_hal_uart.o(i.UART_EndTxTransfer), (18 bytes).
    Removing stm32f2xx_hal_uart.o(i.UART_Start_Receive_DMA), (112 bytes).
    Removing stm32f2xx_hal.o(.rev16_text), (4 bytes).
    Removing stm32f2xx_hal.o(.revsh_text), (4 bytes).
    Removing stm32f2xx_hal.o(.rrx_text), (6 bytes).
    Removing stm32f2xx_hal.o(i.HAL_DBGMCU_DisableDBGSleepMode), (16 bytes).
    Removing stm32f2xx_hal.o(i.HAL_DBGMCU_DisableDBGStandbyMode), (16 bytes).
    Removing stm32f2xx_hal.o(i.HAL_DBGMCU_DisableDBGStopMode), (16 bytes).
    Removing stm32f2xx_hal.o(i.HAL_DBGMCU_EnableDBGSleepMode), (16 bytes).
    Removing stm32f2xx_hal.o(i.HAL_DBGMCU_EnableDBGStandbyMode), (16 bytes).
    Removing stm32f2xx_hal.o(i.HAL_DBGMCU_EnableDBGStopMode), (16 bytes).
    Removing stm32f2xx_hal.o(i.HAL_DeInit), (52 bytes).
    Removing stm32f2xx_hal.o(i.HAL_Delay), (36 bytes).
    Removing stm32f2xx_hal.o(i.HAL_DisableCompensationCell), (28 bytes).
    Removing stm32f2xx_hal.o(i.HAL_EnableCompensationCell), (28 bytes).
    Removing stm32f2xx_hal.o(i.HAL_GetDEVID), (16 bytes).
    Removing stm32f2xx_hal.o(i.HAL_GetHalVersion), (8 bytes).
    Removing stm32f2xx_hal.o(i.HAL_GetREVID), (12 bytes).
    Removing stm32f2xx_hal.o(i.HAL_GetTickFreq), (12 bytes).
    Removing stm32f2xx_hal.o(i.HAL_GetTickPrio), (12 bytes).
    Removing stm32f2xx_hal.o(i.HAL_GetUIDw0), (12 bytes).
    Removing stm32f2xx_hal.o(i.HAL_GetUIDw1), (12 bytes).
    Removing stm32f2xx_hal.o(i.HAL_GetUIDw2), (12 bytes).
    Removing stm32f2xx_hal.o(i.HAL_MspDeInit), (2 bytes).
    Removing stm32f2xx_hal.o(i.HAL_MspInit), (2 bytes).
    Removing stm32f2xx_hal.o(i.HAL_ResumeTick), (14 bytes).
    Removing stm32f2xx_hal.o(i.HAL_SetTickFreq), (36 bytes).
    Removing stm32f2xx_hal.o(i.HAL_SuspendTick), (14 bytes).
    Removing stm32f2xx_hal_rcc.o(.rev16_text), (4 bytes).
    Removing stm32f2xx_hal_rcc.o(.revsh_text), (4 bytes).
    Removing stm32f2xx_hal_rcc.o(.rrx_text), (6 bytes).
    Removing stm32f2xx_hal_rcc.o(i.HAL_RCC_CSSCallback), (2 bytes).
    Removing stm32f2xx_hal_rcc.o(i.HAL_RCC_DeInit), (268 bytes).
    Removing stm32f2xx_hal_rcc.o(i.HAL_RCC_DisableCSS), (12 bytes).
    Removing stm32f2xx_hal_rcc.o(i.HAL_RCC_EnableCSS), (12 bytes).
    Removing stm32f2xx_hal_rcc.o(i.HAL_RCC_GetClockConfig), (64 bytes).
    Removing stm32f2xx_hal_rcc.o(i.HAL_RCC_GetHCLKFreq), (12 bytes).
    Removing stm32f2xx_hal_rcc.o(i.HAL_RCC_GetOscConfig), (224 bytes).
    Removing stm32f2xx_hal_rcc.o(i.HAL_RCC_MCOConfig), (140 bytes).
    Removing stm32f2xx_hal_rcc.o(i.HAL_RCC_NMI_IRQHandler), (28 bytes).
    Removing stm32f2xx_hal_rcc_ex.o(.rev16_text), (4 bytes).
    Removing stm32f2xx_hal_rcc_ex.o(.revsh_text), (4 bytes).
    Removing stm32f2xx_hal_rcc_ex.o(.rrx_text), (6 bytes).
    Removing stm32f2xx_hal_rcc_ex.o(i.HAL_RCCEx_DisablePLLI2S), (52 bytes).
    Removing stm32f2xx_hal_rcc_ex.o(i.HAL_RCCEx_EnablePLLI2S), (128 bytes).
    Removing stm32f2xx_hal_rcc_ex.o(i.HAL_RCCEx_GetPeriphCLKConfig), (80 bytes).
    Removing stm32f2xx_hal_rcc_ex.o(i.HAL_RCCEx_PeriphCLKConfig), (340 bytes).
    Removing stm32f2xx_hal_cortex.o(.rev16_text), (4 bytes).
    Removing stm32f2xx_hal_cortex.o(.revsh_text), (4 bytes).
    Removing stm32f2xx_hal_cortex.o(.rrx_text), (6 bytes).
    Removing stm32f2xx_hal_cortex.o(i.HAL_MPU_ConfigRegion), (84 bytes).
    Removing stm32f2xx_hal_cortex.o(i.HAL_MPU_Disable), (28 bytes).
    Removing stm32f2xx_hal_cortex.o(i.HAL_MPU_Enable), (36 bytes).
    Removing stm32f2xx_hal_cortex.o(i.HAL_NVIC_ClearPendingIRQ), (26 bytes).
    Removing stm32f2xx_hal_cortex.o(i.HAL_NVIC_DisableIRQ), (34 bytes).
    Removing stm32f2xx_hal_cortex.o(i.HAL_NVIC_GetActive), (36 bytes).
    Removing stm32f2xx_hal_cortex.o(i.HAL_NVIC_GetPendingIRQ), (36 bytes).
    Removing stm32f2xx_hal_cortex.o(i.HAL_NVIC_GetPriority), (82 bytes).
    Removing stm32f2xx_hal_cortex.o(i.HAL_NVIC_GetPriorityGrouping), (16 bytes).
    Removing stm32f2xx_hal_cortex.o(i.HAL_NVIC_SetPendingIRQ), (26 bytes).
    Removing stm32f2xx_hal_cortex.o(i.HAL_NVIC_SystemReset), (36 bytes).
    Removing stm32f2xx_hal_cortex.o(i.HAL_SYSTICK_CLKSourceConfig), (24 bytes).
    Removing stm32f2xx_hal_cortex.o(i.HAL_SYSTICK_Callback), (2 bytes).
    Removing stm32f2xx_hal_cortex.o(i.HAL_SYSTICK_IRQHandler), (8 bytes).
    Removing stm32f2xx_hal_flash.o(.rev16_text), (4 bytes).
    Removing stm32f2xx_hal_flash.o(.revsh_text), (4 bytes).
    Removing stm32f2xx_hal_flash.o(.rrx_text), (6 bytes).
    Removing stm32f2xx_hal_flash.o(i.FLASH_Program_Byte), (32 bytes).
    Removing stm32f2xx_hal_flash.o(i.FLASH_Program_DoubleWord), (44 bytes).
    Removing stm32f2xx_hal_flash.o(i.FLASH_Program_HalfWord), (36 bytes).
    Removing stm32f2xx_hal_flash.o(i.FLASH_Program_Word), (36 bytes).
    Removing stm32f2xx_hal_flash.o(i.FLASH_SetErrorCode), (104 bytes).
    Removing stm32f2xx_hal_flash.o(i.FLASH_WaitForLastOperation), (80 bytes).
    Removing stm32f2xx_hal_flash.o(i.HAL_FLASH_EndOfOperationCallback), (2 bytes).
    Removing stm32f2xx_hal_flash.o(i.HAL_FLASH_GetError), (12 bytes).
    Removing stm32f2xx_hal_flash.o(i.HAL_FLASH_IRQHandler), (204 bytes).
    Removing stm32f2xx_hal_flash.o(i.HAL_FLASH_Lock), (20 bytes).
    Removing stm32f2xx_hal_flash.o(i.HAL_FLASH_OB_Launch), (24 bytes).
    Removing stm32f2xx_hal_flash.o(i.HAL_FLASH_OB_Lock), (20 bytes).
    Removing stm32f2xx_hal_flash.o(i.HAL_FLASH_OB_Unlock), (40 bytes).
    Removing stm32f2xx_hal_flash.o(i.HAL_FLASH_OperationErrorCallback), (2 bytes).
    Removing stm32f2xx_hal_flash.o(i.HAL_FLASH_Program), (124 bytes).
    Removing stm32f2xx_hal_flash.o(i.HAL_FLASH_Program_IT), (108 bytes).
    Removing stm32f2xx_hal_flash.o(i.HAL_FLASH_Unlock), (44 bytes).
    Removing stm32f2xx_hal_flash.o(.bss), (32 bytes).
    Removing stm32f2xx_hal_flash_ex.o(.rev16_text), (4 bytes).
    Removing stm32f2xx_hal_flash_ex.o(.revsh_text), (4 bytes).
    Removing stm32f2xx_hal_flash_ex.o(.rrx_text), (6 bytes).
    Removing stm32f2xx_hal_flash_ex.o(i.FLASH_Erase_Sector), (88 bytes).
    Removing stm32f2xx_hal_flash_ex.o(i.FLASH_FlushCaches), (84 bytes).
    Removing stm32f2xx_hal_flash_ex.o(i.FLASH_MassErase), (40 bytes).
    Removing stm32f2xx_hal_flash_ex.o(i.HAL_FLASHEx_Erase), (152 bytes).
    Removing stm32f2xx_hal_flash_ex.o(i.HAL_FLASHEx_Erase_IT), (104 bytes).
    Removing stm32f2xx_hal_flash_ex.o(i.HAL_FLASHEx_OBGetConfig), (64 bytes).
    Removing stm32f2xx_hal_flash_ex.o(i.HAL_FLASHEx_OBProgram), (204 bytes).
    Removing stm32f2xx_hal_pwr.o(.rev16_text), (4 bytes).
    Removing stm32f2xx_hal_pwr.o(.revsh_text), (4 bytes).
    Removing stm32f2xx_hal_pwr.o(.rrx_text), (6 bytes).
    Removing stm32f2xx_hal_pwr.o(i.HAL_PWR_ConfigPVD), (124 bytes).
    Removing stm32f2xx_hal_pwr.o(i.HAL_PWR_DeInit), (24 bytes).
    Removing stm32f2xx_hal_pwr.o(i.HAL_PWR_DisableBkUpAccess), (28 bytes).
    Removing stm32f2xx_hal_pwr.o(i.HAL_PWR_DisablePVD), (24 bytes).
    Removing stm32f2xx_hal_pwr.o(i.HAL_PWR_DisableSEVOnPend), (16 bytes).
    Removing stm32f2xx_hal_pwr.o(i.HAL_PWR_DisableSleepOnExit), (16 bytes).
    Removing stm32f2xx_hal_pwr.o(i.HAL_PWR_DisableWakeUpPin), (16 bytes).
    Removing stm32f2xx_hal_pwr.o(i.HAL_PWR_EnableBkUpAccess), (24 bytes).
    Removing stm32f2xx_hal_pwr.o(i.HAL_PWR_EnablePVD), (24 bytes).
    Removing stm32f2xx_hal_pwr.o(i.HAL_PWR_EnableSEVOnPend), (16 bytes).
    Removing stm32f2xx_hal_pwr.o(i.HAL_PWR_EnableSleepOnExit), (16 bytes).
    Removing stm32f2xx_hal_pwr.o(i.HAL_PWR_EnableWakeUpPin), (16 bytes).
    Removing stm32f2xx_hal_pwr.o(i.HAL_PWR_EnterSLEEPMode), (32 bytes).
    Removing stm32f2xx_hal_pwr.o(i.HAL_PWR_EnterSTANDBYMode), (32 bytes).
    Removing stm32f2xx_hal_pwr.o(i.HAL_PWR_EnterSTOPMode), (56 bytes).
    Removing stm32f2xx_hal_pwr.o(i.HAL_PWR_PVDCallback), (2 bytes).
    Removing stm32f2xx_hal_pwr.o(i.HAL_PWR_PVD_IRQHandler), (28 bytes).
    Removing stm32f2xx_hal_pwr_ex.o(.rev16_text), (4 bytes).
    Removing stm32f2xx_hal_pwr_ex.o(.revsh_text), (4 bytes).
    Removing stm32f2xx_hal_pwr_ex.o(.rrx_text), (6 bytes).
    Removing stm32f2xx_hal_pwr_ex.o(i.HAL_PWREx_DisableBkUpReg), (76 bytes).
    Removing stm32f2xx_hal_pwr_ex.o(i.HAL_PWREx_DisableFlashPowerDown), (28 bytes).
    Removing stm32f2xx_hal_pwr_ex.o(i.HAL_PWREx_EnableBkUpReg), (76 bytes).
    Removing stm32f2xx_hal_pwr_ex.o(i.HAL_PWREx_EnableFlashPowerDown), (24 bytes).
    Removing stm32f2xx_hal_gpio.o(.rev16_text), (4 bytes).
    Removing stm32f2xx_hal_gpio.o(.revsh_text), (4 bytes).
    Removing stm32f2xx_hal_gpio.o(.rrx_text), (6 bytes).
    Removing stm32f2xx_hal_gpio.o(i.HAL_GPIO_DeInit), (384 bytes).
    Removing stm32f2xx_hal_gpio.o(i.HAL_GPIO_EXTI_Callback), (2 bytes).
    Removing stm32f2xx_hal_gpio.o(i.HAL_GPIO_EXTI_IRQHandler), (24 bytes).
    Removing stm32f2xx_hal_gpio.o(i.HAL_GPIO_LockPin), (34 bytes).
    Removing stm32f2xx_hal_gpio.o(i.HAL_GPIO_ReadPin), (10 bytes).
    Removing stm32f2xx_hal_gpio.o(i.HAL_GPIO_TogglePin), (16 bytes).
    Removing stm32f2xx_hal_dma.o(.rev16_text), (4 bytes).
    Removing stm32f2xx_hal_dma.o(.revsh_text), (4 bytes).
    Removing stm32f2xx_hal_dma.o(.rrx_text), (6 bytes).
    Removing stm32f2xx_hal_dma.o(i.DMA_CalcBaseAndBitshift), (40 bytes).
    Removing stm32f2xx_hal_dma.o(i.DMA_CheckFifoParam), (84 bytes).
    Removing stm32f2xx_hal_dma.o(i.DMA_SetConfig), (40 bytes).
    Removing stm32f2xx_hal_dma.o(i.HAL_DMA_DeInit), (98 bytes).
    Removing stm32f2xx_hal_dma.o(i.HAL_DMA_GetError), (4 bytes).
    Removing stm32f2xx_hal_dma.o(i.HAL_DMA_GetState), (6 bytes).
    Removing stm32f2xx_hal_dma.o(i.HAL_DMA_IRQHandler), (416 bytes).
    Removing stm32f2xx_hal_dma.o(i.HAL_DMA_Init), (212 bytes).
    Removing stm32f2xx_hal_dma.o(i.HAL_DMA_PollForTransfer), (288 bytes).
    Removing stm32f2xx_hal_dma.o(i.HAL_DMA_RegisterCallback), (80 bytes).
    Removing stm32f2xx_hal_dma.o(i.HAL_DMA_Start), (70 bytes).
    Removing stm32f2xx_hal_dma.o(i.HAL_DMA_Start_IT), (110 bytes).
    Removing stm32f2xx_hal_dma.o(i.HAL_DMA_UnRegisterCallback), (96 bytes).
    Removing stm32f2xx_hal_dma.o(.constdata), (8 bytes).
    Removing stm32f2xx_hal_dma_ex.o(.rev16_text), (4 bytes).
    Removing stm32f2xx_hal_dma_ex.o(.revsh_text), (4 bytes).
    Removing stm32f2xx_hal_dma_ex.o(.rrx_text), (6 bytes).
    Removing stm32f2xx_hal_dma_ex.o(i.DMA_MultiBufferSetConfig), (30 bytes).
    Removing stm32f2xx_hal_dma_ex.o(i.HAL_DMAEx_ChangeMemory), (14 bytes).
    Removing stm32f2xx_hal_dma_ex.o(i.HAL_DMAEx_MultiBufferStart), (100 bytes).
    Removing stm32f2xx_hal_dma_ex.o(i.HAL_DMAEx_MultiBufferStart_IT), (2432 bytes).
    Removing stm32f2xx_hal_exti.o(.rev16_text), (4 bytes).
    Removing stm32f2xx_hal_exti.o(.revsh_text), (4 bytes).
    Removing stm32f2xx_hal_exti.o(.rrx_text), (6 bytes).
    Removing stm32f2xx_hal_exti.o(i.HAL_EXTI_ClearConfigLine), (108 bytes).
    Removing stm32f2xx_hal_exti.o(i.HAL_EXTI_ClearPending), (20 bytes).
    Removing stm32f2xx_hal_exti.o(i.HAL_EXTI_GenerateSWI), (20 bytes).
    Removing stm32f2xx_hal_exti.o(i.HAL_EXTI_GetConfigLine), (148 bytes).
    Removing stm32f2xx_hal_exti.o(i.HAL_EXTI_GetHandle), (12 bytes).
    Removing stm32f2xx_hal_exti.o(i.HAL_EXTI_GetPending), (24 bytes).
    Removing stm32f2xx_hal_exti.o(i.HAL_EXTI_IRQHandler), (36 bytes).
    Removing stm32f2xx_hal_exti.o(i.HAL_EXTI_RegisterCallback), (14 bytes).
    Removing stm32f2xx_hal_exti.o(i.HAL_EXTI_SetConfigLine), (168 bytes).
    Removing system_stm32f2xx.o(.rev16_text), (4 bytes).
    Removing system_stm32f2xx.o(.revsh_text), (4 bytes).
    Removing system_stm32f2xx.o(.rrx_text), (6 bytes).
    Removing system_stm32f2xx.o(i.SystemCoreClockUpdate), (124 bytes).

237 unused section(s) (total 13781 bytes) removed from the image.

==============================================================================

Image Symbol Table

    Local Symbols

    Symbol Name                              Value     Ov Type        Size  Object(Section)

    ../Core/Src/main.c                       0x00000000   Number         0  main.o ABSOLUTE
    ../Core/Src/stm32f2xx_hal_msp.c          0x00000000   Number         0  stm32f2xx_hal_msp.o ABSOLUTE
    ../Core/Src/stm32f2xx_it.c               0x00000000   Number         0  stm32f2xx_it.o ABSOLUTE
    ../Core/Src/system_stm32f2xx.c           0x00000000   Number         0  system_stm32f2xx.o ABSOLUTE
    ../Drivers/STM32F2xx_HAL_Driver/Src/stm32f2xx_hal.c 0x00000000   Number         0  stm32f2xx_hal.o ABSOLUTE
    ../Drivers/STM32F2xx_HAL_Driver/Src/stm32f2xx_hal_cortex.c 0x00000000   Number         0  stm32f2xx_hal_cortex.o ABSOLUTE
    ../Drivers/STM32F2xx_HAL_Driver/Src/stm32f2xx_hal_dma.c 0x00000000   Number         0  stm32f2xx_hal_dma.o ABSOLUTE
    ../Drivers/STM32F2xx_HAL_Driver/Src/stm32f2xx_hal_dma_ex.c 0x00000000   Number         0  stm32f2xx_hal_dma_ex.o ABSOLUTE
    ../Drivers/STM32F2xx_HAL_Driver/Src/stm32f2xx_hal_exti.c 0x00000000   Number         0  stm32f2xx_hal_exti.o ABSOLUTE
    ../Drivers/STM32F2xx_HAL_Driver/Src/stm32f2xx_hal_flash.c 0x00000000   Number         0  stm32f2xx_hal_flash.o ABSOLUTE
    ../Drivers/STM32F2xx_HAL_Driver/Src/stm32f2xx_hal_flash_ex.c 0x00000000   Number         0  stm32f2xx_hal_flash_ex.o ABSOLUTE
    ../Drivers/STM32F2xx_HAL_Driver/Src/stm32f2xx_hal_gpio.c 0x00000000   Number         0  stm32f2xx_hal_gpio.o ABSOLUTE
    ../Drivers/STM32F2xx_HAL_Driver/Src/stm32f2xx_hal_pwr.c 0x00000000   Number         0  stm32f2xx_hal_pwr.o ABSOLUTE
    ../Drivers/STM32F2xx_HAL_Driver/Src/stm32f2xx_hal_pwr_ex.c 0x00000000   Number         0  stm32f2xx_hal_pwr_ex.o ABSOLUTE
    ../Drivers/STM32F2xx_HAL_Driver/Src/stm32f2xx_hal_rcc.c 0x00000000   Number         0  stm32f2xx_hal_rcc.o ABSOLUTE
    ../Drivers/STM32F2xx_HAL_Driver/Src/stm32f2xx_hal_rcc_ex.c 0x00000000   Number         0  stm32f2xx_hal_rcc_ex.o ABSOLUTE
    ../Drivers/STM32F2xx_HAL_Driver/Src/stm32f2xx_hal_tim.c 0x00000000   Number         0  stm32f2xx_hal_tim.o ABSOLUTE
    ../Drivers/STM32F2xx_HAL_Driver/Src/stm32f2xx_hal_tim_ex.c 0x00000000   Number         0  stm32f2xx_hal_tim_ex.o ABSOLUTE
    ../Drivers/STM32F2xx_HAL_Driver/Src/stm32f2xx_hal_uart.c 0x00000000   Number         0  stm32f2xx_hal_uart.o ABSOLUTE
    ../clib/microlib/division.c              0x00000000   Number         0  uldiv.o ABSOLUTE
    ../clib/microlib/init/entry.s            0x00000000   Number         0  entry7a.o ABSOLUTE
    ../clib/microlib/init/entry.s            0x00000000   Number         0  entry5.o ABSOLUTE
    ../clib/microlib/init/entry.s            0x00000000   Number         0  entry2.o ABSOLUTE
    ../clib/microlib/init/entry.s            0x00000000   Number         0  entry.o ABSOLUTE
    ../clib/microlib/init/entry.s            0x00000000   Number         0  entry11b.o ABSOLUTE
    ../clib/microlib/init/entry.s            0x00000000   Number         0  entry11a.o ABSOLUTE
    ../clib/microlib/init/entry.s            0x00000000   Number         0  entry10b.o ABSOLUTE
    ../clib/microlib/init/entry.s            0x00000000   Number         0  entry10a.o ABSOLUTE
    ../clib/microlib/init/entry.s            0x00000000   Number         0  entry9b.o ABSOLUTE
    ../clib/microlib/init/entry.s            0x00000000   Number         0  entry8a.o ABSOLUTE
    ../clib/microlib/init/entry.s            0x00000000   Number         0  entry9a.o ABSOLUTE
    ../clib/microlib/init/entry.s            0x00000000   Number         0  entry8b.o ABSOLUTE
    ../clib/microlib/init/entry.s            0x00000000   Number         0  entry7b.o ABSOLUTE
    ../clib/microlib/longlong.c              0x00000000   Number         0  llshl.o ABSOLUTE
    ../clib/microlib/longlong.c              0x00000000   Number         0  llushr.o ABSOLUTE
    ../clib/microlib/string/memset.c         0x00000000   Number         0  memseta.o ABSOLUTE
    ..\Core\Src\main.c                       0x00000000   Number         0  main.o ABSOLUTE
    ..\Core\Src\stm32f2xx_hal_msp.c          0x00000000   Number         0  stm32f2xx_hal_msp.o ABSOLUTE
    ..\Core\Src\stm32f2xx_it.c               0x00000000   Number         0  stm32f2xx_it.o ABSOLUTE
    ..\Core\Src\system_stm32f2xx.c           0x00000000   Number         0  system_stm32f2xx.o ABSOLUTE
    ..\Drivers\STM32F2xx_HAL_Driver\Src\stm32f2xx_hal.c 0x00000000   Number         0  stm32f2xx_hal.o ABSOLUTE
    ..\Drivers\STM32F2xx_HAL_Driver\Src\stm32f2xx_hal_cortex.c 0x00000000   Number         0  stm32f2xx_hal_cortex.o ABSOLUTE
    ..\Drivers\STM32F2xx_HAL_Driver\Src\stm32f2xx_hal_dma.c 0x00000000   Number         0  stm32f2xx_hal_dma.o ABSOLUTE
    ..\Drivers\STM32F2xx_HAL_Driver\Src\stm32f2xx_hal_dma_ex.c 0x00000000   Number         0  stm32f2xx_hal_dma_ex.o ABSOLUTE
    ..\Drivers\STM32F2xx_HAL_Driver\Src\stm32f2xx_hal_exti.c 0x00000000   Number         0  stm32f2xx_hal_exti.o ABSOLUTE
    ..\Drivers\STM32F2xx_HAL_Driver\Src\stm32f2xx_hal_flash.c 0x00000000   Number         0  stm32f2xx_hal_flash.o ABSOLUTE
    ..\Drivers\STM32F2xx_HAL_Driver\Src\stm32f2xx_hal_flash_ex.c 0x00000000   Number         0  stm32f2xx_hal_flash_ex.o ABSOLUTE
    ..\Drivers\STM32F2xx_HAL_Driver\Src\stm32f2xx_hal_gpio.c 0x00000000   Number         0  stm32f2xx_hal_gpio.o ABSOLUTE
    ..\Drivers\STM32F2xx_HAL_Driver\Src\stm32f2xx_hal_pwr.c 0x00000000   Number         0  stm32f2xx_hal_pwr.o ABSOLUTE
    ..\Drivers\STM32F2xx_HAL_Driver\Src\stm32f2xx_hal_pwr_ex.c 0x00000000   Number         0  stm32f2xx_hal_pwr_ex.o ABSOLUTE
    ..\Drivers\STM32F2xx_HAL_Driver\Src\stm32f2xx_hal_rcc.c 0x00000000   Number         0  stm32f2xx_hal_rcc.o ABSOLUTE
    ..\Drivers\STM32F2xx_HAL_Driver\Src\stm32f2xx_hal_rcc_ex.c 0x00000000   Number         0  stm32f2xx_hal_rcc_ex.o ABSOLUTE
    ..\Drivers\STM32F2xx_HAL_Driver\Src\stm32f2xx_hal_tim.c 0x00000000   Number         0  stm32f2xx_hal_tim.o ABSOLUTE
    ..\Drivers\STM32F2xx_HAL_Driver\Src\stm32f2xx_hal_tim_ex.c 0x00000000   Number         0  stm32f2xx_hal_tim_ex.o ABSOLUTE
    ..\Drivers\STM32F2xx_HAL_Driver\Src\stm32f2xx_hal_uart.c 0x00000000   Number         0  stm32f2xx_hal_uart.o ABSOLUTE
    dc.s                                     0x00000000   Number         0  dc.o ABSOLUTE
    handlers.s                               0x00000000   Number         0  handlers.o ABSOLUTE
    init.s                                   0x00000000   Number         0  init.o ABSOLUTE
    startup_stm32f205xx.s                    0x00000000   Number         0  startup_stm32f205xx.o ABSOLUTE
    RESET                                    0x08000000   Section      388  startup_stm32f205xx.o(RESET)
    .ARM.Collect$$$$00000000                 0x08000184   Section        0  entry.o(.ARM.Collect$$$$00000000)
    .ARM.Collect$$$$00000001                 0x08000184   Section        4  entry2.o(.ARM.Collect$$$$00000001)
    .ARM.Collect$$$$00000004                 0x08000188   Section        4  entry5.o(.ARM.Collect$$$$00000004)
    .ARM.Collect$$$$00000008                 0x0800018c   Section        0  entry7b.o(.ARM.Collect$$$$00000008)
    .ARM.Collect$$$$0000000A                 0x0800018c   Section        0  entry8b.o(.ARM.Collect$$$$0000000A)
    .ARM.Collect$$$$0000000B                 0x0800018c   Section        8  entry9a.o(.ARM.Collect$$$$0000000B)
    .ARM.Collect$$$$0000000D                 0x08000194   Section        0  entry10a.o(.ARM.Collect$$$$0000000D)
    .ARM.Collect$$$$0000000F                 0x08000194   Section        0  entry11a.o(.ARM.Collect$$$$0000000F)
    .ARM.Collect$$$$00002712                 0x08000194   Section        4  entry2.o(.ARM.Collect$$$$00002712)
    __lit__00000000                          0x08000194   Data           4  entry2.o(.ARM.Collect$$$$00002712)
    .text                                    0x08000198   Section       36  startup_stm32f205xx.o(.text)
    .text                                    0x080001bc   Section        0  uldiv.o(.text)
    .text                                    0x0800021e   Section        0  memseta.o(.text)
    .text                                    0x08000242   Section        0  llshl.o(.text)
    .text                                    0x08000260   Section        0  llushr.o(.text)
    .text                                    0x08000280   Section       36  init.o(.text)
    i.BusFault_Handler                       0x080002a4   Section        0  stm32f2xx_it.o(i.BusFault_Handler)
    i.DebugMon_Handler                       0x080002a6   Section        0  stm32f2xx_it.o(i.DebugMon_Handler)
    i.HAL_DMA_Abort                          0x080002a8   Section        0  stm32f2xx_hal_dma.o(i.HAL_DMA_Abort)
    i.HAL_DMA_Abort_IT                       0x0800033a   Section        0  stm32f2xx_hal_dma.o(i.HAL_DMA_Abort_IT)
    i.HAL_GPIO_Init                          0x08000360   Section        0  stm32f2xx_hal_gpio.o(i.HAL_GPIO_Init)
    i.HAL_GPIO_WritePin                      0x080005e8   Section        0  stm32f2xx_hal_gpio.o(i.HAL_GPIO_WritePin)
    i.HAL_GetTick                            0x080005f4   Section        0  stm32f2xx_hal.o(i.HAL_GetTick)
    i.HAL_IncTick                            0x08000600   Section        0  stm32f2xx_hal.o(i.HAL_IncTick)
    i.HAL_Init                               0x08000610   Section        0  stm32f2xx_hal.o(i.HAL_Init)
    i.HAL_InitTick                           0x08000644   Section        0  stm32f2xx_hal.o(i.HAL_InitTick)
    i.HAL_MspInit                            0x08000684   Section        0  stm32f2xx_hal_msp.o(i.HAL_MspInit)
    i.HAL_NVIC_EnableIRQ                     0x080006b4   Section        0  stm32f2xx_hal_cortex.o(i.HAL_NVIC_EnableIRQ)
    i.HAL_NVIC_SetPriority                   0x080006d0   Section        0  stm32f2xx_hal_cortex.o(i.HAL_NVIC_SetPriority)
    i.HAL_NVIC_SetPriorityGrouping           0x08000710   Section        0  stm32f2xx_hal_cortex.o(i.HAL_NVIC_SetPriorityGrouping)
    i.HAL_RCC_ClockConfig                    0x08000734   Section        0  stm32f2xx_hal_rcc.o(i.HAL_RCC_ClockConfig)
    i.HAL_RCC_GetPCLK1Freq                   0x08000870   Section        0  stm32f2xx_hal_rcc.o(i.HAL_RCC_GetPCLK1Freq)
    i.HAL_RCC_GetPCLK2Freq                   0x080008a0   Section        0  stm32f2xx_hal_rcc.o(i.HAL_RCC_GetPCLK2Freq)
    i.HAL_RCC_GetSysClockFreq                0x080008d0   Section        0  stm32f2xx_hal_rcc.o(i.HAL_RCC_GetSysClockFreq)
    i.HAL_RCC_OscConfig                      0x08000934   Section        0  stm32f2xx_hal_rcc.o(i.HAL_RCC_OscConfig)
    i.HAL_SYSTICK_Config                     0x08000c6c   Section        0  stm32f2xx_hal_cortex.o(i.HAL_SYSTICK_Config)
    i.HAL_UARTEx_RxEventCallback             0x08000c94   Section        0  stm32f2xx_hal_uart.o(i.HAL_UARTEx_RxEventCallback)
    i.HAL_UART_ErrorCallback                 0x08000c96   Section        0  stm32f2xx_hal_uart.o(i.HAL_UART_ErrorCallback)
    i.HAL_UART_IRQHandler                    0x08000c98   Section        0  stm32f2xx_hal_uart.o(i.HAL_UART_IRQHandler)
    i.HAL_UART_Init                          0x08000ea8   Section        0  stm32f2xx_hal_uart.o(i.HAL_UART_Init)
    i.HAL_UART_MspInit                       0x08000f0c   Section        0  stm32f2xx_hal_msp.o(i.HAL_UART_MspInit)
    i.HAL_UART_Receive_IT                    0x08000f84   Section        0  stm32f2xx_hal_uart.o(i.HAL_UART_Receive_IT)
    i.HAL_UART_RxCpltCallback                0x08000fb0   Section        0  main.o(i.HAL_UART_RxCpltCallback)
    i.HAL_UART_Transmit                      0x0800100c   Section        0  stm32f2xx_hal_uart.o(i.HAL_UART_Transmit)
    i.HAL_UART_TxCpltCallback                0x080010be   Section        0  stm32f2xx_hal_uart.o(i.HAL_UART_TxCpltCallback)
    i.HardFault_Handler                      0x080010c0   Section        0  stm32f2xx_it.o(i.HardFault_Handler)
    i.MX_GPIO_Init                           0x080010c4   Section        0  main.o(i.MX_GPIO_Init)
    MX_GPIO_Init                             0x080010c5   Thumb Code   322  main.o(i.MX_GPIO_Init)
    i.MemManage_Handler                      0x08001224   Section        0  stm32f2xx_it.o(i.MemManage_Handler)
    i.NMI_Handler                            0x08001226   Section        0  stm32f2xx_it.o(i.NMI_Handler)
    i.PendSV_Handler                         0x08001228   Section        0  stm32f2xx_it.o(i.PendSV_Handler)
    i.SVC_Handler                            0x0800122a   Section        0  stm32f2xx_it.o(i.SVC_Handler)
    i.SysTick_Handler                        0x0800122c   Section        0  stm32f2xx_it.o(i.SysTick_Handler)
    i.SystemClock_Config                     0x08001230   Section        0  main.o(i.SystemClock_Config)
    i.SystemInit                             0x08001272   Section        0  system_stm32f2xx.o(i.SystemInit)
    i.UART_DMAAbortOnError                   0x08001274   Section        0  stm32f2xx_hal_uart.o(i.UART_DMAAbortOnError)
    UART_DMAAbortOnError                     0x08001275   Thumb Code    16  stm32f2xx_hal_uart.o(i.UART_DMAAbortOnError)
    i.UART_EndRxTransfer                     0x08001284   Section        0  stm32f2xx_hal_uart.o(i.UART_EndRxTransfer)
    UART_EndRxTransfer                       0x08001285   Thumb Code    48  stm32f2xx_hal_uart.o(i.UART_EndRxTransfer)
    i.UART_Receive_IT                        0x080012b4   Section        0  stm32f2xx_hal_uart.o(i.UART_Receive_IT)
    UART_Receive_IT                          0x080012b5   Thumb Code   182  stm32f2xx_hal_uart.o(i.UART_Receive_IT)
    i.UART_SetConfig                         0x0800136c   Section        0  stm32f2xx_hal_uart.o(i.UART_SetConfig)
    UART_SetConfig                           0x0800136d   Thumb Code   284  stm32f2xx_hal_uart.o(i.UART_SetConfig)
    i.UART_Start_Receive_IT                  0x08001490   Section        0  stm32f2xx_hal_uart.o(i.UART_Start_Receive_IT)
    i.UART_WaitOnFlagUntilTimeout            0x080014c6   Section        0  stm32f2xx_hal_uart.o(i.UART_WaitOnFlagUntilTimeout)
    UART_WaitOnFlagUntilTimeout              0x080014c7   Thumb Code   100  stm32f2xx_hal_uart.o(i.UART_WaitOnFlagUntilTimeout)
    i.USART2_IRQHandler                      0x0800152c   Section        0  stm32f2xx_it.o(i.USART2_IRQHandler)
    i.UsageFault_Handler                     0x08001538   Section        0  stm32f2xx_it.o(i.UsageFault_Handler)
    i.__NVIC_SetPriority                     0x0800153a   Section        0  stm32f2xx_hal_cortex.o(i.__NVIC_SetPriority)
    __NVIC_SetPriority                       0x0800153b   Thumb Code    32  stm32f2xx_hal_cortex.o(i.__NVIC_SetPriority)
    i.__scatterload_copy                     0x0800155a   Section       14  handlers.o(i.__scatterload_copy)
    i.__scatterload_null                     0x08001568   Section        2  handlers.o(i.__scatterload_null)
    i.__scatterload_zeroinit                 0x0800156a   Section       14  handlers.o(i.__scatterload_zeroinit)
    i.main                                   0x08001578   Section        0  main.o(i.main)
    .constdata                               0x080016a4   Section       16  system_stm32f2xx.o(.constdata)
    .constdata                               0x080016b4   Section        8  system_stm32f2xx.o(.constdata)
    .data                                    0x20000000   Section        2  main.o(.data)
    .data                                    0x20000004   Section       12  stm32f2xx_hal.o(.data)
    .data                                    0x20000010   Section        4  system_stm32f2xx.o(.data)
    .bss                                     0x20000014   Section       84  main.o(.bss)
    STACK                                    0x20000068   Section     1024  startup_stm32f205xx.o(STACK)

    Global Symbols

    Symbol Name                              Value     Ov Type        Size  Object(Section)

    BuildAttributes$$THM_ISAv4$P$D$K$B$S$PE$A:L22UL41UL21$X:L11$S22US41US21$IEEE1$IW$USESV6$~STKCKD$USESV7$~SHL$OSPACE$EBA8$MICROLIB$REQ8$PRES8$EABIv2 0x00000000   Number         0  anon$$obj.o ABSOLUTE
    __ARM_use_no_argv                        0x00000000   Number         0  main.o ABSOLUTE
    __cpp_initialize__aeabi_                  - Undefined Weak Reference
    __cxa_finalize                            - Undefined Weak Reference
    __decompress                              - Undefined Weak Reference
    _clock_init                               - Undefined Weak Reference
    _microlib_exit                            - Undefined Weak Reference
    __Vectors_Size                           0x00000184   Number         0  startup_stm32f205xx.o ABSOLUTE
    __Vectors                                0x08000000   Data           4  startup_stm32f205xx.o(RESET)
    __Vectors_End                            0x08000184   Data           0  startup_stm32f205xx.o(RESET)
    __main                                   0x08000185   Thumb Code     0  entry.o(.ARM.Collect$$$$00000000)
    _main_stk                                0x08000185   Thumb Code     0  entry2.o(.ARM.Collect$$$$00000001)
    _main_scatterload                        0x08000189   Thumb Code     0  entry5.o(.ARM.Collect$$$$00000004)
    __main_after_scatterload                 0x0800018d   Thumb Code     0  entry5.o(.ARM.Collect$$$$00000004)
    _main_clock                              0x0800018d   Thumb Code     0  entry7b.o(.ARM.Collect$$$$00000008)
    _main_cpp_init                           0x0800018d   Thumb Code     0  entry8b.o(.ARM.Collect$$$$0000000A)
    _main_init                               0x0800018d   Thumb Code     0  entry9a.o(.ARM.Collect$$$$0000000B)
    __rt_final_cpp                           0x08000195   Thumb Code     0  entry10a.o(.ARM.Collect$$$$0000000D)
    __rt_final_exit                          0x08000195   Thumb Code     0  entry11a.o(.ARM.Collect$$$$0000000F)
    Reset_Handler                            0x08000199   Thumb Code     8  startup_stm32f205xx.o(.text)
    ADC_IRQHandler                           0x080001b3   Thumb Code     0  startup_stm32f205xx.o(.text)
    CAN1_RX0_IRQHandler                      0x080001b3   Thumb Code     0  startup_stm32f205xx.o(.text)
    CAN1_RX1_IRQHandler                      0x080001b3   Thumb Code     0  startup_stm32f205xx.o(.text)
    CAN1_SCE_IRQHandler                      0x080001b3   Thumb Code     0  startup_stm32f205xx.o(.text)
    CAN1_TX_IRQHandler                       0x080001b3   Thumb Code     0  startup_stm32f205xx.o(.text)
    CAN2_RX0_IRQHandler                      0x080001b3   Thumb Code     0  startup_stm32f205xx.o(.text)
    CAN2_RX1_IRQHandler                      0x080001b3   Thumb Code     0  startup_stm32f205xx.o(.text)
    CAN2_SCE_IRQHandler                      0x080001b3   Thumb Code     0  startup_stm32f205xx.o(.text)
    CAN2_TX_IRQHandler                       0x080001b3   Thumb Code     0  startup_stm32f205xx.o(.text)
    DMA1_Stream0_IRQHandler                  0x080001b3   Thumb Code     0  startup_stm32f205xx.o(.text)
    DMA1_Stream1_IRQHandler                  0x080001b3   Thumb Code     0  startup_stm32f205xx.o(.text)
    DMA1_Stream2_IRQHandler                  0x080001b3   Thumb Code     0  startup_stm32f205xx.o(.text)
    DMA1_Stream3_IRQHandler                  0x080001b3   Thumb Code     0  startup_stm32f205xx.o(.text)
    DMA1_Stream4_IRQHandler                  0x080001b3   Thumb Code     0  startup_stm32f205xx.o(.text)
    DMA1_Stream5_IRQHandler                  0x080001b3   Thumb Code     0  startup_stm32f205xx.o(.text)
    DMA1_Stream6_IRQHandler                  0x080001b3   Thumb Code     0  startup_stm32f205xx.o(.text)
    DMA1_Stream7_IRQHandler                  0x080001b3   Thumb Code     0  startup_stm32f205xx.o(.text)
    DMA2_Stream0_IRQHandler                  0x080001b3   Thumb Code     0  startup_stm32f205xx.o(.text)
    DMA2_Stream1_IRQHandler                  0x080001b3   Thumb Code     0  startup_stm32f205xx.o(.text)
    DMA2_Stream2_IRQHandler                  0x080001b3   Thumb Code     0  startup_stm32f205xx.o(.text)
    DMA2_Stream3_IRQHandler                  0x080001b3   Thumb Code     0  startup_stm32f205xx.o(.text)
    DMA2_Stream4_IRQHandler                  0x080001b3   Thumb Code     0  startup_stm32f205xx.o(.text)
    DMA2_Stream5_IRQHandler                  0x080001b3   Thumb Code     0  startup_stm32f205xx.o(.text)
    DMA2_Stream6_IRQHandler                  0x080001b3   Thumb Code     0  startup_stm32f205xx.o(.text)
    DMA2_Stream7_IRQHandler                  0x080001b3   Thumb Code     0  startup_stm32f205xx.o(.text)
    EXTI0_IRQHandler                         0x080001b3   Thumb Code     0  startup_stm32f205xx.o(.text)
    EXTI15_10_IRQHandler                     0x080001b3   Thumb Code     0  startup_stm32f205xx.o(.text)
    EXTI1_IRQHandler                         0x080001b3   Thumb Code     0  startup_stm32f205xx.o(.text)
    EXTI2_IRQHandler                         0x080001b3   Thumb Code     0  startup_stm32f205xx.o(.text)
    EXTI3_IRQHandler                         0x080001b3   Thumb Code     0  startup_stm32f205xx.o(.text)
    EXTI4_IRQHandler                         0x080001b3   Thumb Code     0  startup_stm32f205xx.o(.text)
    EXTI9_5_IRQHandler                       0x080001b3   Thumb Code     0  startup_stm32f205xx.o(.text)
    FLASH_IRQHandler                         0x080001b3   Thumb Code     0  startup_stm32f205xx.o(.text)
    FSMC_IRQHandler                          0x080001b3   Thumb Code     0  startup_stm32f205xx.o(.text)
    HASH_RNG_IRQHandler                      0x080001b3   Thumb Code     0  startup_stm32f205xx.o(.text)
    I2C1_ER_IRQHandler                       0x080001b3   Thumb Code     0  startup_stm32f205xx.o(.text)
    I2C1_EV_IRQHandler                       0x080001b3   Thumb Code     0  startup_stm32f205xx.o(.text)
    I2C2_ER_IRQHandler                       0x080001b3   Thumb Code     0  startup_stm32f205xx.o(.text)
    I2C2_EV_IRQHandler                       0x080001b3   Thumb Code     0  startup_stm32f205xx.o(.text)
    I2C3_ER_IRQHandler                       0x080001b3   Thumb Code     0  startup_stm32f205xx.o(.text)
    I2C3_EV_IRQHandler                       0x080001b3   Thumb Code     0  startup_stm32f205xx.o(.text)
    OTG_FS_IRQHandler                        0x080001b3   Thumb Code     0  startup_stm32f205xx.o(.text)
    OTG_FS_WKUP_IRQHandler                   0x080001b3   Thumb Code     0  startup_stm32f205xx.o(.text)
    OTG_HS_EP1_IN_IRQHandler                 0x080001b3   Thumb Code     0  startup_stm32f205xx.o(.text)
    OTG_HS_EP1_OUT_IRQHandler                0x080001b3   Thumb Code     0  startup_stm32f205xx.o(.text)
    OTG_HS_IRQHandler                        0x080001b3   Thumb Code     0  startup_stm32f205xx.o(.text)
    OTG_HS_WKUP_IRQHandler                   0x080001b3   Thumb Code     0  startup_stm32f205xx.o(.text)
    PVD_IRQHandler                           0x080001b3   Thumb Code     0  startup_stm32f205xx.o(.text)
    RCC_IRQHandler                           0x080001b3   Thumb Code     0  startup_stm32f205xx.o(.text)
    RTC_Alarm_IRQHandler                     0x080001b3   Thumb Code     0  startup_stm32f205xx.o(.text)
    RTC_WKUP_IRQHandler                      0x080001b3   Thumb Code     0  startup_stm32f205xx.o(.text)
    SDIO_IRQHandler                          0x080001b3   Thumb Code     0  startup_stm32f205xx.o(.text)
    SPI1_IRQHandler                          0x080001b3   Thumb Code     0  startup_stm32f205xx.o(.text)
    SPI2_IRQHandler                          0x080001b3   Thumb Code     0  startup_stm32f205xx.o(.text)
    SPI3_IRQHandler                          0x080001b3   Thumb Code     0  startup_stm32f205xx.o(.text)
    TAMP_STAMP_IRQHandler                    0x080001b3   Thumb Code     0  startup_stm32f205xx.o(.text)
    TIM1_BRK_TIM9_IRQHandler                 0x080001b3   Thumb Code     0  startup_stm32f205xx.o(.text)
    TIM1_CC_IRQHandler                       0x080001b3   Thumb Code     0  startup_stm32f205xx.o(.text)
    TIM1_TRG_COM_TIM11_IRQHandler            0x080001b3   Thumb Code     0  startup_stm32f205xx.o(.text)
    TIM1_UP_TIM10_IRQHandler                 0x080001b3   Thumb Code     0  startup_stm32f205xx.o(.text)
    TIM2_IRQHandler                          0x080001b3   Thumb Code     0  startup_stm32f205xx.o(.text)
    TIM3_IRQHandler                          0x080001b3   Thumb Code     0  startup_stm32f205xx.o(.text)
    TIM4_IRQHandler                          0x080001b3   Thumb Code     0  startup_stm32f205xx.o(.text)
    TIM5_IRQHandler                          0x080001b3   Thumb Code     0  startup_stm32f205xx.o(.text)
    TIM6_DAC_IRQHandler                      0x080001b3   Thumb Code     0  startup_stm32f205xx.o(.text)
    TIM7_IRQHandler                          0x080001b3   Thumb Code     0  startup_stm32f205xx.o(.text)
    TIM8_BRK_TIM12_IRQHandler                0x080001b3   Thumb Code     0  startup_stm32f205xx.o(.text)
    TIM8_CC_IRQHandler                       0x080001b3   Thumb Code     0  startup_stm32f205xx.o(.text)
    TIM8_TRG_COM_TIM14_IRQHandler            0x080001b3   Thumb Code     0  startup_stm32f205xx.o(.text)
    TIM8_UP_TIM13_IRQHandler                 0x080001b3   Thumb Code     0  startup_stm32f205xx.o(.text)
    UART4_IRQHandler                         0x080001b3   Thumb Code     0  startup_stm32f205xx.o(.text)
    UART5_IRQHandler                         0x080001b3   Thumb Code     0  startup_stm32f205xx.o(.text)
    USART1_IRQHandler                        0x080001b3   Thumb Code     0  startup_stm32f205xx.o(.text)
    USART3_IRQHandler                        0x080001b3   Thumb Code     0  startup_stm32f205xx.o(.text)
    USART6_IRQHandler                        0x080001b3   Thumb Code     0  startup_stm32f205xx.o(.text)
    WWDG_IRQHandler                          0x080001b3   Thumb Code     0  startup_stm32f205xx.o(.text)
    __aeabi_uldivmod                         0x080001bd   Thumb Code    98  uldiv.o(.text)
    __aeabi_memset                           0x0800021f   Thumb Code    14  memseta.o(.text)
    __aeabi_memset4                          0x0800021f   Thumb Code     0  memseta.o(.text)
    __aeabi_memset8                          0x0800021f   Thumb Code     0  memseta.o(.text)
    __aeabi_memclr                           0x0800022d   Thumb Code     4  memseta.o(.text)
    __aeabi_memclr4                          0x0800022d   Thumb Code     0  memseta.o(.text)
    __aeabi_memclr8                          0x0800022d   Thumb Code     0  memseta.o(.text)
    _memset$wrapper                          0x08000231   Thumb Code    18  memseta.o(.text)
    __aeabi_llsl                             0x08000243   Thumb Code    30  llshl.o(.text)
    _ll_shift_l                              0x08000243   Thumb Code     0  llshl.o(.text)
    __aeabi_llsr                             0x08000261   Thumb Code    32  llushr.o(.text)
    _ll_ushift_r                             0x08000261   Thumb Code     0  llushr.o(.text)
    __scatterload                            0x08000281   Thumb Code    28  init.o(.text)
    __scatterload_rt2                        0x08000281   Thumb Code     0  init.o(.text)
    BusFault_Handler                         0x080002a5   Thumb Code     2  stm32f2xx_it.o(i.BusFault_Handler)
    DebugMon_Handler                         0x080002a7   Thumb Code     2  stm32f2xx_it.o(i.DebugMon_Handler)
    HAL_DMA_Abort                            0x080002a9   Thumb Code   146  stm32f2xx_hal_dma.o(i.HAL_DMA_Abort)
    HAL_DMA_Abort_IT                         0x0800033b   Thumb Code    36  stm32f2xx_hal_dma.o(i.HAL_DMA_Abort_IT)
    HAL_GPIO_Init                            0x08000361   Thumb Code   598  stm32f2xx_hal_gpio.o(i.HAL_GPIO_Init)
    HAL_GPIO_WritePin                        0x080005e9   Thumb Code    10  stm32f2xx_hal_gpio.o(i.HAL_GPIO_WritePin)
    HAL_GetTick                              0x080005f5   Thumb Code     6  stm32f2xx_hal.o(i.HAL_GetTick)
    HAL_IncTick                              0x08000601   Thumb Code    12  stm32f2xx_hal.o(i.HAL_IncTick)
    HAL_Init                                 0x08000611   Thumb Code    48  stm32f2xx_hal.o(i.HAL_Init)
    HAL_InitTick                             0x08000645   Thumb Code    54  stm32f2xx_hal.o(i.HAL_InitTick)
    HAL_MspInit                              0x08000685   Thumb Code    42  stm32f2xx_hal_msp.o(i.HAL_MspInit)
    HAL_NVIC_EnableIRQ                       0x080006b5   Thumb Code    26  stm32f2xx_hal_cortex.o(i.HAL_NVIC_EnableIRQ)
    HAL_NVIC_SetPriority                     0x080006d1   Thumb Code    60  stm32f2xx_hal_cortex.o(i.HAL_NVIC_SetPriority)
    HAL_NVIC_SetPriorityGrouping             0x08000711   Thumb Code    26  stm32f2xx_hal_cortex.o(i.HAL_NVIC_SetPriorityGrouping)
    HAL_RCC_ClockConfig                      0x08000735   Thumb Code   296  stm32f2xx_hal_rcc.o(i.HAL_RCC_ClockConfig)
    HAL_RCC_GetPCLK1Freq                     0x08000871   Thumb Code    34  stm32f2xx_hal_rcc.o(i.HAL_RCC_GetPCLK1Freq)
    HAL_RCC_GetPCLK2Freq                     0x080008a1   Thumb Code    34  stm32f2xx_hal_rcc.o(i.HAL_RCC_GetPCLK2Freq)
    HAL_RCC_GetSysClockFreq                  0x080008d1   Thumb Code    88  stm32f2xx_hal_rcc.o(i.HAL_RCC_GetSysClockFreq)
    HAL_RCC_OscConfig                        0x08000935   Thumb Code   800  stm32f2xx_hal_rcc.o(i.HAL_RCC_OscConfig)
    HAL_SYSTICK_Config                       0x08000c6d   Thumb Code    40  stm32f2xx_hal_cortex.o(i.HAL_SYSTICK_Config)
    HAL_UARTEx_RxEventCallback               0x08000c95   Thumb Code     2  stm32f2xx_hal_uart.o(i.HAL_UARTEx_RxEventCallback)
    HAL_UART_ErrorCallback                   0x08000c97   Thumb Code     2  stm32f2xx_hal_uart.o(i.HAL_UART_ErrorCallback)
    HAL_UART_IRQHandler                      0x08000c99   Thumb Code   522  stm32f2xx_hal_uart.o(i.HAL_UART_IRQHandler)
    HAL_UART_Init                            0x08000ea9   Thumb Code    98  stm32f2xx_hal_uart.o(i.HAL_UART_Init)
    HAL_UART_MspInit                         0x08000f0d   Thumb Code   108  stm32f2xx_hal_msp.o(i.HAL_UART_MspInit)
    HAL_UART_Receive_IT                      0x08000f85   Thumb Code    42  stm32f2xx_hal_uart.o(i.HAL_UART_Receive_IT)
    HAL_UART_RxCpltCallback                  0x08000fb1   Thumb Code    78  main.o(i.HAL_UART_RxCpltCallback)
    HAL_UART_Transmit                        0x0800100d   Thumb Code   178  stm32f2xx_hal_uart.o(i.HAL_UART_Transmit)
    HAL_UART_TxCpltCallback                  0x080010bf   Thumb Code     2  stm32f2xx_hal_uart.o(i.HAL_UART_TxCpltCallback)
    HardFault_Handler                        0x080010c1   Thumb Code     2  stm32f2xx_it.o(i.HardFault_Handler)
    MemManage_Handler                        0x08001225   Thumb Code     2  stm32f2xx_it.o(i.MemManage_Handler)
    NMI_Handler                              0x08001227   Thumb Code     2  stm32f2xx_it.o(i.NMI_Handler)
    PendSV_Handler                           0x08001229   Thumb Code     2  stm32f2xx_it.o(i.PendSV_Handler)
    SVC_Handler                              0x0800122b   Thumb Code     2  stm32f2xx_it.o(i.SVC_Handler)
    SysTick_Handler                          0x0800122d   Thumb Code     4  stm32f2xx_it.o(i.SysTick_Handler)
    SystemClock_Config                       0x08001231   Thumb Code    66  main.o(i.SystemClock_Config)
    SystemInit                               0x08001273   Thumb Code     2  system_stm32f2xx.o(i.SystemInit)
    UART_Start_Receive_IT                    0x08001491   Thumb Code    54  stm32f2xx_hal_uart.o(i.UART_Start_Receive_IT)
    USART2_IRQHandler                        0x0800152d   Thumb Code     6  stm32f2xx_it.o(i.USART2_IRQHandler)
    UsageFault_Handler                       0x08001539   Thumb Code     2  stm32f2xx_it.o(i.UsageFault_Handler)
    __scatterload_copy                       0x0800155b   Thumb Code    14  handlers.o(i.__scatterload_copy)
    __scatterload_null                       0x08001569   Thumb Code     2  handlers.o(i.__scatterload_null)
    __scatterload_zeroinit                   0x0800156b   Thumb Code    14  handlers.o(i.__scatterload_zeroinit)
    main                                     0x08001579   Thumb Code   274  main.o(i.main)
    AHBPrescTable                            0x080016a4   Data          16  system_stm32f2xx.o(.constdata)
    APBPrescTable                            0x080016b4   Data           8  system_stm32f2xx.o(.constdata)
    Region$$Table$$Base                      0x080016bc   Number         0  anon$$obj.o(Region$$Table)
    Region$$Table$$Limit                     0x080016dc   Number         0  anon$$obj.o(Region$$Table)
    Rx_Data                                  0x20000000   Data           1  main.o(.data)
    rx_Index                                 0x20000001   Data           1  main.o(.data)
    uwTickFreq                               0x20000004   Data           1  stm32f2xx_hal.o(.data)
    uwTickPrio                               0x20000008   Data           4  stm32f2xx_hal.o(.data)
    uwTick                                   0x2000000c   Data           4  stm32f2xx_hal.o(.data)
    SystemCoreClock                          0x20000010   Data           4  system_stm32f2xx.o(.data)
    RxBuff                                   0x20000014   Data          15  main.o(.bss)
    huart2                                   0x20000024   Data          68  main.o(.bss)
    __initial_sp                             0x20000468   Data           0  startup_stm32f205xx.o(STACK)



==============================================================================

Memory Map of the image

  Image Entry point : 0x08000185

  Load Region LR_IROM1 (Base: 0x08000000, Size: 0x000016f0, Max: 0x00040000, ABSOLUTE)

    Execution Region ER_IROM1 (Base: 0x08000000, Size: 0x000016dc, Max: 0x00040000, ABSOLUTE)

    Base Addr    Size         Type   Attr      Idx    E Section Name        Object

    0x08000000   0x00000184   Data   RO            3    RESET               startup_stm32f205xx.o
    0x08000184   0x00000000   Code   RO         1789  * .ARM.Collect$$$$00000000  mc_w.l(entry.o)
    0x08000184   0x00000004   Code   RO         1796    .ARM.Collect$$$$00000001  mc_w.l(entry2.o)
    0x08000188   0x00000004   Code   RO         1799    .ARM.Collect$$$$00000004  mc_w.l(entry5.o)
    0x0800018c   0x00000000   Code   RO         1801    .ARM.Collect$$$$00000008  mc_w.l(entry7b.o)
    0x0800018c   0x00000000   Code   RO         1803    .ARM.Collect$$$$0000000A  mc_w.l(entry8b.o)
    0x0800018c   0x00000008   Code   RO         1804    .ARM.Collect$$$$0000000B  mc_w.l(entry9a.o)
    0x08000194   0x00000000   Code   RO         1806    .ARM.Collect$$$$0000000D  mc_w.l(entry10a.o)
    0x08000194   0x00000000   Code   RO         1808    .ARM.Collect$$$$0000000F  mc_w.l(entry11a.o)
    0x08000194   0x00000004   Code   RO         1797    .ARM.Collect$$$$00002712  mc_w.l(entry2.o)
    0x08000198   0x00000024   Code   RO            4    .text               startup_stm32f205xx.o
    0x080001bc   0x00000062   Code   RO         1792    .text               mc_w.l(uldiv.o)
    0x0800021e   0x00000024   Code   RO         1794    .text               mc_w.l(memseta.o)
    0x08000242   0x0000001e   Code   RO         1810    .text               mc_w.l(llshl.o)
    0x08000260   0x00000020   Code   RO         1812    .text               mc_w.l(llushr.o)
    0x08000280   0x00000024   Code   RO         1814    .text               mc_w.l(init.o)
    0x080002a4   0x00000002   Code   RO          153    i.BusFault_Handler  stm32f2xx_it.o
    0x080002a6   0x00000002   Code   RO          154    i.DebugMon_Handler  stm32f2xx_it.o
    0x080002a8   0x00000092   Code   RO         1538    i.HAL_DMA_Abort     stm32f2xx_hal_dma.o
    0x0800033a   0x00000024   Code   RO         1539    i.HAL_DMA_Abort_IT  stm32f2xx_hal_dma.o
    0x0800035e   0x00000002   PAD
    0x08000360   0x00000288   Code   RO         1472    i.HAL_GPIO_Init     stm32f2xx_hal_gpio.o
    0x080005e8   0x0000000a   Code   RO         1476    i.HAL_GPIO_WritePin  stm32f2xx_hal_gpio.o
    0x080005f2   0x00000002   PAD
    0x080005f4   0x0000000c   Code   RO          677    i.HAL_GetTick       stm32f2xx_hal.o
    0x08000600   0x00000010   Code   RO          683    i.HAL_IncTick       stm32f2xx_hal.o
    0x08000610   0x00000034   Code   RO          684    i.HAL_Init          stm32f2xx_hal.o
    0x08000644   0x00000040   Code   RO          685    i.HAL_InitTick      stm32f2xx_hal.o
    0x08000684   0x00000030   Code   RO          235    i.HAL_MspInit       stm32f2xx_hal_msp.o
    0x080006b4   0x0000001a   Code   RO          999    i.HAL_NVIC_EnableIRQ  stm32f2xx_hal_cortex.o
    0x080006ce   0x00000002   PAD
    0x080006d0   0x00000040   Code   RO         1005    i.HAL_NVIC_SetPriority  stm32f2xx_hal_cortex.o
    0x08000710   0x00000024   Code   RO         1006    i.HAL_NVIC_SetPriorityGrouping  stm32f2xx_hal_cortex.o
    0x08000734   0x0000013c   Code   RO          851    i.HAL_RCC_ClockConfig  stm32f2xx_hal_rcc.o
    0x08000870   0x00000030   Code   RO          858    i.HAL_RCC_GetPCLK1Freq  stm32f2xx_hal_rcc.o
    0x080008a0   0x00000030   Code   RO          859    i.HAL_RCC_GetPCLK2Freq  stm32f2xx_hal_rcc.o
    0x080008d0   0x00000064   Code   RO          860    i.HAL_RCC_GetSysClockFreq  stm32f2xx_hal_rcc.o
    0x08000934   0x00000338   Code   RO          863    i.HAL_RCC_OscConfig  stm32f2xx_hal_rcc.o
    0x08000c6c   0x00000028   Code   RO         1010    i.HAL_SYSTICK_Config  stm32f2xx_hal_cortex.o
    0x08000c94   0x00000002   Code   RO          318    i.HAL_UARTEx_RxEventCallback  stm32f2xx_hal_uart.o
    0x08000c96   0x00000002   Code   RO          332    i.HAL_UART_ErrorCallback  stm32f2xx_hal_uart.o
    0x08000c98   0x00000210   Code   RO          335    i.HAL_UART_IRQHandler  stm32f2xx_hal_uart.o
    0x08000ea8   0x00000062   Code   RO          336    i.HAL_UART_Init     stm32f2xx_hal_uart.o
    0x08000f0a   0x00000002   PAD
    0x08000f0c   0x00000078   Code   RO          237    i.HAL_UART_MspInit  stm32f2xx_hal_msp.o
    0x08000f84   0x0000002a   Code   RO          341    i.HAL_UART_Receive_IT  stm32f2xx_hal_uart.o
    0x08000fae   0x00000002   PAD
    0x08000fb0   0x0000005c   Code   RO           14    i.HAL_UART_RxCpltCallback  main.o
    0x0800100c   0x000000b2   Code   RO          344    i.HAL_UART_Transmit  stm32f2xx_hal_uart.o
    0x080010be   0x00000002   Code   RO          347    i.HAL_UART_TxCpltCallback  stm32f2xx_hal_uart.o
    0x080010c0   0x00000002   Code   RO          155    i.HardFault_Handler  stm32f2xx_it.o
    0x080010c2   0x00000002   PAD
    0x080010c4   0x00000160   Code   RO           15    i.MX_GPIO_Init      main.o
    0x08001224   0x00000002   Code   RO          156    i.MemManage_Handler  stm32f2xx_it.o
    0x08001226   0x00000002   Code   RO          157    i.NMI_Handler       stm32f2xx_it.o
    0x08001228   0x00000002   Code   RO          158    i.PendSV_Handler    stm32f2xx_it.o
    0x0800122a   0x00000002   Code   RO          159    i.SVC_Handler       stm32f2xx_it.o
    0x0800122c   0x00000004   Code   RO          160    i.SysTick_Handler   stm32f2xx_it.o
    0x08001230   0x00000042   Code   RO           16    i.SystemClock_Config  main.o
    0x08001272   0x00000002   Code   RO         1755    i.SystemInit        system_stm32f2xx.o
    0x08001274   0x00000010   Code   RO          349    i.UART_DMAAbortOnError  stm32f2xx_hal_uart.o
    0x08001284   0x00000030   Code   RO          359    i.UART_EndRxTransfer  stm32f2xx_hal_uart.o
    0x080012b4   0x000000b6   Code   RO          361    i.UART_Receive_IT   stm32f2xx_hal_uart.o
    0x0800136a   0x00000002   PAD
    0x0800136c   0x00000124   Code   RO          362    i.UART_SetConfig    stm32f2xx_hal_uart.o
    0x08001490   0x00000036   Code   RO          364    i.UART_Start_Receive_IT  stm32f2xx_hal_uart.o
    0x080014c6   0x00000064   Code   RO          365    i.UART_WaitOnFlagUntilTimeout  stm32f2xx_hal_uart.o
    0x0800152a   0x00000002   PAD
    0x0800152c   0x0000000c   Code   RO          161    i.USART2_IRQHandler  stm32f2xx_it.o
    0x08001538   0x00000002   Code   RO          162    i.UsageFault_Handler  stm32f2xx_it.o
    0x0800153a   0x00000020   Code   RO         1012    i.__NVIC_SetPriority  stm32f2xx_hal_cortex.o
    0x0800155a   0x0000000e   Code   RO         1818    i.__scatterload_copy  mc_w.l(handlers.o)
    0x08001568   0x00000002   Code   RO         1819    i.__scatterload_null  mc_w.l(handlers.o)
    0x0800156a   0x0000000e   Code   RO         1820    i.__scatterload_zeroinit  mc_w.l(handlers.o)
    0x08001578   0x0000012c   Code   RO           17    i.main              main.o
    0x080016a4   0x00000010   Data   RO         1756    .constdata          system_stm32f2xx.o
    0x080016b4   0x00000008   Data   RO         1757    .constdata          system_stm32f2xx.o
    0x080016bc   0x00000020   Data   RO         1816    Region$$Table       anon$$obj.o


    Execution Region RW_IRAM1 (Base: 0x20000000, Size: 0x00000468, Max: 0x00018000, ABSOLUTE)

    Base Addr    Size         Type   Attr      Idx    E Section Name        Object

    0x20000000   0x00000002   Data   RW           20    .data               main.o
    0x20000002   0x00000002   PAD
    0x20000004   0x0000000c   Data   RW          691    .data               stm32f2xx_hal.o
    0x20000010   0x00000004   Data   RW         1758    .data               system_stm32f2xx.o
    0x20000014   0x00000054   Zero   RW           18    .bss                main.o
    0x20000068   0x00000400   Zero   RW            1    STACK               startup_stm32f205xx.o


==============================================================================

Image component sizes


      Code (inc. data)   RO Data    RW Data    ZI Data      Debug   Object Name

       810         70          0          2         84     581179   main.o
        36          8        388          0       1024        776   startup_stm32f205xx.o
       144         24          0         12          0       8305   stm32f2xx_hal.o
       198         14          0          0          0      30463   stm32f2xx_hal_cortex.o
       182          0          0          0          0       1967   stm32f2xx_hal_dma.o
       658         50          0          0          0       2188   stm32f2xx_hal_gpio.o
       168         18          0          0          0       1453   stm32f2xx_hal_msp.o
      1336         84          0          0          0       4944   stm32f2xx_hal_rcc.o
      1544         14          0          0          0      10204   stm32f2xx_hal_uart.o
        32          6          0          0          0       4022   stm32f2xx_it.o
         2          0         24          4          0       1035   system_stm32f2xx.o

    ----------------------------------------------------------------------
      5126        288        444         20       1108     646536   Object Totals
         0          0         32          0          0          0   (incl. Generated)
        16          0          0          2          0          0   (incl. Padding)

    ----------------------------------------------------------------------

      Code (inc. data)   RO Data    RW Data    ZI Data      Debug   Library Member Name

         0          0          0          0          0          0   entry.o
         0          0          0          0          0          0   entry10a.o
         0          0          0          0          0          0   entry11a.o
         8          4          0          0          0          0   entry2.o
         4          0          0          0          0          0   entry5.o
         0          0          0          0          0          0   entry7b.o
         0          0          0          0          0          0   entry8b.o
         8          4          0          0          0          0   entry9a.o
        30          0          0          0          0          0   handlers.o
        36          8          0          0          0         68   init.o
        30          0          0          0          0         68   llshl.o
        32          0          0          0          0         68   llushr.o
        36          0          0          0          0        108   memseta.o
        98          0          0          0          0         92   uldiv.o

    ----------------------------------------------------------------------
       282         16          0          0          0        404   Library Totals
         0          0          0          0          0          0   (incl. Padding)

    ----------------------------------------------------------------------

      Code (inc. data)   RO Data    RW Data    ZI Data      Debug   Library Name

       282         16          0          0          0        404   mc_w.l

    ----------------------------------------------------------------------
       282         16          0          0          0        404   Library Totals

    ----------------------------------------------------------------------

==============================================================================


      Code (inc. data)   RO Data    RW Data    ZI Data      Debug   

      5408        304        444         20       1108     644700   Grand Totals
      5408        304        444         20       1108     644700   ELF Image Totals
      5408        304        444         20          0          0   ROM Totals

==============================================================================

    Total RO  Size (Code + RO Data)                 5852 (   5.71kB)
    Total RW  Size (RW Data + ZI Data)              1128 (   1.10kB)
    Total ROM Size (Code + RO Data + RW Data)       5872 (   5.73kB)

==============================================================================

