<html>
<body>
<pre>
<h1>µVision Build Log</h1>
<h2>Tool Versions:</h2>
IDE-Version: µVision V5.17.0.0
Copyright (C) 2015 ARM Ltd and ARM Germany GmbH. All rights reserved.
License Information: Thanh nguyen, thanh, LIC=----
 
Tool Versions:
Toolchain:       MDK-Lite  Version: 5.17
Toolchain Path:  D:\KEILC\ARM\ARMCC\Bin
C Compiler:      Armcc.exe V5.06 update 1 (build 61)
Assembler:       Armasm.exe V5.06 update 1 (build 61)
Linker/Locator:  ArmLink.exe V5.06 update 1 (build 61)
Library Manager: ArmAr.exe V5.06 update 1 (build 61)
Hex Converter:   FromElf.exe V5.06 update 1 (build 61)
CPU DLL:         SARMCM3.DLL V5.17
Dialog DLL:      DCM.DLL V1.13.4.0
Target DLL:      STLink\ST-LINKIII-KEIL_SWO.dll V2.0.18.0
Dialog DLL:      TCM.DLL V1.14.6.0
 
<h2>Project:</h2>
D:\codetest\test\MDK-ARM\test.uvprojx
Project File Date:  03/05/2023

<h2>Output:</h2>
*** Using Compiler 'V5.06 update 1 (build 61)', folder: 'D:\KEILC\ARM\ARMCC\Bin'
Build target 'test'
compiling main.c...
../Core/Src/main.c(114): warning:  #188-D: enumerated type mixed with another type
  	HAL_GPIO_WritePin(
ed1_GPIO_Port,
ed1_Pin,1);
../Core/Src/main.c(115): warning:  #188-D: enumerated type mixed with another type
  	HAL_GPIO_WritePin(
ed2_GPIO_Port,
ed2_Pin,1);
../Core/Src/main.c(116): warning:  #188-D: enumerated type mixed with another type
  	HAL_GPIO_WritePin(
ed3_GPIO_Port,
ed3_Pin,1);
../Core/Src/main.c(117): warning:  #188-D: enumerated type mixed with another type
  	HAL_GPIO_WritePin(
ed4_GPIO_Port,
ed4_Pin,1);
../Core/Src/main.c(118): warning:  #188-D: enumerated type mixed with another type
  	HAL_GPIO_WritePin(
ed5_GPIO_Port,
ed5_Pin,1);
../Core/Src/main.c(119): warning:  #188-D: enumerated type mixed with another type
  	HAL_GPIO_WritePin(
ed6_GPIO_Port,
ed6_Pin,1);
../Core/Src/main.c(120): warning:  #188-D: enumerated type mixed with another type
  	HAL_GPIO_WritePin(
ed7_GPIO_Port,
ed7_Pin,1);
../Core/Src/main.c(121): warning:  #188-D: enumerated type mixed with another type
  	HAL_GPIO_WritePin(
ed8_GPIO_Port,
ed8_Pin,1);
../Core/Src/main.c(132): warning:  #188-D: enumerated type mixed with another type
  		HAL_GPIO_WritePin(
ed1_GPIO_Port,
ed1_Pin,(uint8_t)RxBuff[0]-48);
../Core/Src/main.c(133): warning:  #188-D: enumerated type mixed with another type
  		HAL_GPIO_WritePin(
ed2_GPIO_Port,
ed2_Pin,(uint8_t)RxBuff[1]-48);
../Core/Src/main.c(134): warning:  #188-D: enumerated type mixed with another type
  		HAL_GPIO_WritePin(
ed3_GPIO_Port,
ed3_Pin,(uint8_t)RxBuff[2]-48);
../Core/Src/main.c(135): warning:  #188-D: enumerated type mixed with another type
  		HAL_GPIO_WritePin(
ed4_GPIO_Port,
ed4_Pin,(uint8_t)RxBuff[3]-48);
../Core/Src/main.c(136): warning:  #188-D: enumerated type mixed with another type
  		HAL_GPIO_WritePin(
ed5_GPIO_Port,
ed5_Pin,(uint8_t)RxBuff[4]-48);
../Core/Src/main.c(137): warning:  #188-D: enumerated type mixed with another type
  		HAL_GPIO_WritePin(
ed6_GPIO_Port,
ed6_Pin,(uint8_t)RxBuff[5]-48);
../Core/Src/main.c(138): warning:  #188-D: enumerated type mixed with another type
  		HAL_GPIO_WritePin(
ed7_GPIO_Port,
ed7_Pin,(uint8_t)RxBuff[6]-48);
../Core/Src/main.c(139): warning:  #188-D: enumerated type mixed with another type
  		HAL_GPIO_WritePin(
ed8_GPIO_Port,
ed8_Pin,(uint8_t)RxBuff[7]-48);		
../Core/Src/main.c(282): warning:  #177-D: variable "RxBuff" was declared but never referenced
  				char RxBuff[15] = "";
../Core/Src/main.c: 17 warnings, 0 errors
linking...
Program Size: Code=4756 RO-data=292 RW-data=20 ZI-data=1108  
FromELF: creating hex file...
"test\test.axf" - 0 Error(s), 17 Warning(s).

<h2>Software Packages used:</h2>

Package Vendor: ARM
                http://www.keil.com/pack/ARM.CMSIS.4.5.0.pack
                ARM::CMSIS:CORE:4.3.0
                CMSIS (Cortex Microcontroller Software Interface Standard)
   * Component: CORE Version: 4.3.0

<h2>Collection of Component include folders:</h2>
  D:\codetest\test\MDK-ARM\RTE
  D:\KEILC\ARM\PACK\ARM\CMSIS\4.5.0\CMSIS\Include
  D:\KEILC\ARM\PACK\Keil\STM32F1xx_DFP\2.4.0\Device\Include

<h2>Collection of Component Files used:</h2>

   * Component: ARM::CMSIS:CORE:4.3.0
Build Time Elapsed:  00:00:01
</pre>
</body>
</html>
